#
# A fatal error has been detected by the Java Runtime Environment:
#
#  EXCEPTION_ACCESS_VIOLATION (0xc0000005) at pc=0x00007ffe1d38a5d7, pid=12564, tid=16272
#
# JRE version: OpenJDK Runtime Environment (25.0.1+8) (build 25.0.1+8-27)
# Java VM: OpenJDK 64-Bit Server VM (25.0.1+8-27, mixed mode, sharing, tiered, compressed oops, compressed class ptrs, g1 gc, windows-amd64)
# Problematic frame:
# C  [glass.dll+0x2a5d7]
#
# No core dump will be written. Minidumps are not enabled by default on client versions of Windows
#
# If you would like to submit a bug report, please visit:
#   https://bugreport.java.com/bugreport/crash.jsp
#

---------------  S U M M A R Y ------------

Command Line: -javaagent:C:\Users\21348\AppData\Local\Programs\IntelliJ IDEA Community Edition\lib\idea_rt.jar=57942 -Dfile.encoding=UTF-8 -Dsun.stdout.encoding=UTF-8 -Dsun.stderr.encoding=UTF-8 com.wmp.test.MediaPlayerTest

Host: Intel(R) Core(TM) i3-3120M CPU @ 2.50GHz, 4 cores, 7G,  Windows 11 , 64 bit Build 26100 (10.0.26100.7309)
Time: Sat Mar 14 14:40:46 2026 elapsed time: 122.368549 seconds (0d 0h 2m 2s)

---------------  T H R E A D  ---------------

Current thread (0x00000161b4da6cc0):  VMThread "VM Thread"          [id=16272, stack(0x000000314d800000,0x000000314d900000) (1024K)]

Stack: [0x000000314d800000,0x000000314d900000],  sp=0x000000314d8fefa0,  free space=1019k
Native frames: (J=compiled Java code, j=interpreted, Vv=VM code, C=native code)
C  [glass.dll+0x2a5d7]  (no source info available)
C  [ucrtbase.dll+0x4bc75]  (no source info available)
C  [ucrtbase.dll+0x4b897]  (no source info available)
C  [ucrtbase.dll+0x4b84d]  (no source info available)
C  [glass.dll+0x27b65]  (no source info available)
C  [glass.dll+0x27c81]  (no source info available)
C  [ntdll.dll+0x15f87e]  (no source info available)
C  [ntdll.dll+0xbcae]  (no source info available)
C  [ntdll.dll+0x8d4af]  (no source info available)
C  [ntdll.dll+0x8c67e]  (no source info available)
C  [KERNEL32.DLL+0x418ab]  (no source info available)
C  [ucrtbase.dll+0xa0093]  (no source info available)
V  [jvm.dll+0x79eb3a]  (no source info available)
V  [jvm.dll+0x79f001]  (no source info available)
V  [jvm.dll+0x79eb20]  (no source info available)
V  [jvm.dll+0x47a184]  (no source info available)
V  [jvm.dll+0x96f091]  (no source info available)
V  [jvm.dll+0x9703ad]  (no source info available)
V  [jvm.dll+0x970929]  (no source info available)
V  [jvm.dll+0x970bd3]  (no source info available)
V  [jvm.dll+0x906a0d]  (no source info available)
V  [jvm.dll+0x7a5135]  (no source info available)
C  [ucrtbase.dll+0x37b0]  (no source info available)
C  [KERNEL32.DLL+0x2e8d7]  (no source info available)
C  [ntdll.dll+0x8c53c]  (no source info available)


siginfo: EXCEPTION_ACCESS_VIOLATION (0xc0000005), reading address 0x0000000000000000


Registers:
RAX=0x0000000000000000, RBX=0x00000161b4dba722, RCX=0x00000161b4da6cc0, RDX=0x000000314d8fefa0
RSP=0x000000314d8fefa0, RBP=0x000030ef9b80a09d, RSI=0x00000161ba020f20, RDI=0x00000161ba020f00
R8 =0x0000000000010002, R9 =0x00007ffe05ca70f0, R10=0x0000016196510000, R11=0x000000314d8ff088
R12=0x0000000000000001, R13=0x00007ffe1d387cc8, R14=0x000000314d8ff0a8, R15=0x00000161ba020f00
RIP=0x00007ffe1d38a5d7, EFLAGS=0x0000000000010202

XMM[0]=0x0000000000000000 0x0000000000000000
XMM[1]=0x0000000000000000 0x000000314d8fdc00
XMM[2]=0x0000000000000000 0x0000000000000000
XMM[3]=0x0000000000000000 0x0000000000000000
XMM[4]=0x0000000000000000 0x0000000000000000
XMM[5]=0x0000000000000000 0x0000000000000000
XMM[6]=0x0000000000000000 0x0000000000000000
XMM[7]=0x0000000000000000 0x0000000000000000
XMM[8]=0x0000000000000000 0x404e000000000000
XMM[9]=0x0000000000000000 0x0000000000000000
XMM[10]=0x0000000000000000 0x0000000000000000
XMM[11]=0x0000000000000000 0x0000000000000000
XMM[12]=0x0000000000000000 0x0000000000000000
XMM[13]=0x0000000000000000 0x0000000000000000
XMM[14]=0x0000000000000000 0x0000000000000000
XMM[15]=0x0000000000000000 0x0000000000000000
  MXCSR=0x00001fa0


Register to memory mapping:

RAX=0x0 is null
RBX=0x00000161b4dba722 is a global jni handle
RCX=0x00000161b4da6cc0 points into unknown readable memory: 0x00007ffe0634e360 | 60 e3 34 06 fe 7f 00 00
RDX=0x000000314d8fefa0 points into unknown readable memory: 0x0000000000000000 | 00 00 00 00 00 00 00 00
RSP=0x000000314d8fefa0 points into unknown readable memory: 0x0000000000000000 | 00 00 00 00 00 00 00 00
RBP=0x000030ef9b80a09d is an unknown value
RSI=0x00000161ba020f20 points into unknown readable memory: 0x000030ef9b80a09d | 9d a0 80 9b ef 30 00 00
RDI=0x00000161ba020f00 points into unknown readable memory: 0x000030ef9b80a09d | 9d a0 80 9b ef 30 00 00
R8 =0x0000000000010002 is an unknown value
R9 =0x00007ffe05ca70f0 jvm.dll
R10=0x0000016196510000 points into unknown readable memory: 0x0000000000000000 | 00 00 00 00 00 00 00 00
R11=0x000000314d8ff088 points into unknown readable memory: 0x00007ffe1d387b65 | 65 7b 38 1d fe 7f 00 00
R12=0x0000000000000001 is an unknown value
R13=0x00007ffe1d387cc8 glass.dll
R14=0x000000314d8ff0a8 points into unknown readable memory: 0x000000314d8ff090 | 90 f0 8f 4d 31 00 00 00
R15=0x00000161ba020f00 points into unknown readable memory: 0x000030ef9b80a09d | 9d a0 80 9b ef 30 00 00

Top of Stack: (sp=0x000000314d8fefa0)
0x000000314d8fefa0:   0000000000000000 0000016100000000   ............a...
0x000000314d8fefb0:   00000161b59b4de0 0000000000000001   .M..a...........
0x000000314d8fefc0:   00000161ba020f00 00007ffe39b9bc75   ....a...u..9....
0x000000314d8fefd0:   00000161ba020f00 0000016100000000   ....a.......a...
0x000000314d8fefe0:   00000161ba020f18 000030ef9b80a09d   ....a........0..
0x000000314d8feff0:   fffffffffffffffe 000000314d8ff078   ........x..M1...
0x000000314d8ff000:   00007ffe1d360000 00007ffe1d360000   ..6.......6.....
0x000000314d8ff010:   000000314d8ff098 00007ffe39b9b897   ...M1......9....
0x000000314d8ff020:   000000314d8ff000 000000314d8ff0a8   ...M1......M1...
0x000000314d8ff030:   000000314d8ff390 00007ffe39c888c0   ...M1......9....
0x000000314d8ff040:   0000000000000001 00007ffe39b9b84d   ........M..9....
0x000000314d8ff050:   0000000000000000 0000000000000001   ................
0x000000314d8ff060:   00007ffe2243dfc0 000000314d8ff098   ..C".......M1...
0x000000314d8ff070:   fffffffffffffffe 000000314d8ff060   ........`..M1...
0x000000314d8ff080:   0000000000000000 00007ffe1d387b65   ........e{8.....
0x000000314d8ff090:   00007ffe1d3a0e90 0000000000000002   ..:.............
0x000000314d8ff0a0:   00007ffe00000002 000000314d8ff090   ...........M1...
0x000000314d8ff0b0:   00007ffe389f0000 0000000000000001   ...8............
0x000000314d8ff0c0:   0000000000000000 00007ffe1d387c81   .........|8.....
0x000000314d8ff0d0:   0000000000000001 000000007ffe0385   ................
0x000000314d8ff0e0:   0000000000000001 00007ffe3ca0a6af   ...........<....
0x000000314d8ff0f0:   000000007ffe0385 00007ffe3ada2888   .........(.:....
0x000000314d8ff100:   0000000000000001 0000000000000000   ................
0x000000314d8ff110:   0000000000000000 000000007ffe0384   ................
0x000000314d8ff120:   00000161ba01f980 00007ffe3cb5f87e   ....a...~..<....
0x000000314d8ff130:   00007ffe1d360000 0000016100000000   ..6.........a...
0x000000314d8ff140:   0000000000000001 000000007ffe0385   ................
0x000000314d8ff150:   00007ffe1d38b588 00007ffe3ca0bcae   ..8........<....
0x000000314d8ff160:   0000000000000000 0000000000000000   ................
0x000000314d8ff170:   0000000000000000 0000000000000000   ................
0x000000314d8ff180:   0000000000000000 0000000000000000   ................
0x000000314d8ff190:   0000000000000000 0000000000000000   ................

Instructions: (pc=0x00007ffe1d38a5d7)
  0x00007ffe1d38a4d7:   8b 4d 58 e8 cd ce ff ff 48 8b 4d 60 e8 c4 ce ff
  0x00007ffe1d38a4e7:   ff 48 8b 95 80 00 00 00 48 8b 8d 18 01 00 00 e8
  0x00007ffe1d38a4f7:   76 c4 ff ff 33 d2 33 c9 e8 7c e0 ff ff 90 48 89
  0x00007ffe1d38a507:   54 24 10 55 48 83 ec 20 48 8b ea 48 b8 00 00 00
  0x00007ffe1d38a517:   00 00 00 00 00 48 83 c4 20 5d c3 cc 40 55 48 8b
  0x00007ffe1d38a527:   ea 48 8b 01 33 c9 81 38 05 00 00 c0 0f 94 c1 8b
  0x00007ffe1d38a537:   c1 5d c3 cc 40 55 48 83 ec 20 48 8b ea 8a 4d 40
  0x00007ffe1d38a547:   48 83 c4 20 5d e9 a3 d2 ff ff cc 40 55 48 83 ec
  0x00007ffe1d38a557:   20 48 8b ea 8a 4d 20 e8 91 d2 ff ff 90 48 83 c4
  0x00007ffe1d38a567:   20 5d c3 cc 40 55 48 83 ec 20 48 8b ea 48 83 c4
  0x00007ffe1d38a577:   20 5d e9 02 d1 ff ff cc 40 55 48 83 ec 30 48 8b
  0x00007ffe1d38a587:   ea 48 8b 01 8b 10 48 89 4c 24 28 89 54 24 20 4c
  0x00007ffe1d38a597:   8d 0d 1b d4 ff ff 4c 8b 45 70 8b 55 68 48 8b 4d
  0x00007ffe1d38a5a7:   60 e8 43 d0 ff ff 90 48 83 c4 30 5d c3 cc cc cc
  0x00007ffe1d38a5b7:   cc cc cc cc cc cc cc cc cc 40 53 48 83 ec 20 48
  0x00007ffe1d38a5c7:   8b 1d 6b 63 01 00 48 85 db 74 19 e8 a9 89 ff ff
=>0x00007ffe1d38a5d7:   48 8b 08 4c 8b 81 b0 00 00 00 48 8b d3 48 8b c8
  0x00007ffe1d38a5e7:   41 ff d0 90 48 83 c4 20 5b c3 cc cc cc cc cc cc
  0x00007ffe1d38a5f7:   cc cc cc cc cc cc cc cc cc 40 53 48 83 ec 20 48
  0x00007ffe1d38a607:   8b 1d 9b 64 01 00 48 85 db 74 57 b8 ff ff ff ff
  0x00007ffe1d38a617:   f0 0f c1 43 10 83 f8 01 75 3d 48 85 db 74 38 48
  0x00007ffe1d38a627:   8b 0b 48 85 c9 74 0d ff 15 64 0c 00 00 48 c7 03
  0x00007ffe1d38a637:   00 00 00 00 48 8b 4b 08 48 85 c9 74 0d e8 63 cd
  0x00007ffe1d38a647:   ff ff 48 c7 43 08 00 00 00 00 ba 18 00 00 00 48
  0x00007ffe1d38a657:   8b cb e8 4e cd ff ff 48 c7 05 3f 64 01 00 00 00
  0x00007ffe1d38a667:   00 00 48 83 c4 20 5b c3 cc 40 53 48 83 ec 20 48
  0x00007ffe1d38a677:   8b 1d 0b 64 01 00 48 85 db 74 57 b8 ff ff ff ff
  0x00007ffe1d38a687:   f0 0f c1 43 10 83 f8 01 75 3d 48 85 db 74 38 48
  0x00007ffe1d38a697:   8b 0b 48 85 c9 74 0d ff 15 f4 0b 00 00 48 c7 03
  0x00007ffe1d38a6a7:   00 00 00 00 48 8b 4b 08 48 85 c9 74 0d e8 f3 cc
  0x00007ffe1d38a6b7:   ff ff 48 c7 43 08 00 00 00 00 ba 18 00 00 00 48
  0x00007ffe1d38a6c7:   8b cb e8 de cc ff ff 48 c7 05 af 63 01 00 00 00


Stack slot to memory mapping:

stack at sp + 0 slots: 0x0 is null
stack at sp + 1 slots: 0x0000016100000000 is an unknown value
stack at sp + 2 slots: 0x00000161b59b4de0 points into unknown readable memory: 0x00000161b59b48d0 | d0 48 9b b5 61 01 00 00
stack at sp + 3 slots: 0x0000000000000001 is an unknown value
stack at sp + 4 slots: 0x00000161ba020f00 points into unknown readable memory: 0x000030ef9b80a09d | 9d a0 80 9b ef 30 00 00
stack at sp + 5 slots: 0x00007ffe39b9bc75 ucrtbase.dll
stack at sp + 6 slots: 0x00000161ba020f00 points into unknown readable memory: 0x000030ef9b80a09d | 9d a0 80 9b ef 30 00 00
stack at sp + 7 slots: 0x0000016100000000 is an unknown value

VM_Operation (0x000000314cdff1d0): Exit, mode: safepoint, requested by thread 0x00000161ba4f60f0


---------------  P R O C E S S  ---------------

Threads class SMR info:
_java_thread_list=0x00000161c464c970, length=19, elements={
0x00000161b4dd2bc0, 0x00000161b4dd3780, 0x00000161b4dc90a0, 0x00000161b4dca480,
0x00000161b4dd0610, 0x00000161b4dd1510, 0x00000161b4e16360, 0x00000161b51fb0f0,
0x00000161b528d890, 0x00000161b528e050, 0x00000161b5be0960, 0x00000161ba001090,
0x00000161b5c544b0, 0x0000016196412490, 0x00000161b531a650, 0x00000161ba4faf10,
0x00000161b57d9b10, 0x00000161ba4f60f0, 0x00000161b51fc0d0
}

Java Threads: ( => current thread )
  0x00000161b4dd2bc0 JavaThread "Reference Handler"          daemon [_thread_blocked, id=3588, stack(0x000000314d900000,0x000000314da00000) (1024K)]
  0x00000161b4dd3780 JavaThread "Finalizer"                  daemon [_thread_blocked, id=19616, stack(0x000000314da00000,0x000000314db00000) (1024K)]
  0x00000161b4dc90a0 JavaThread "Attach Listener"            daemon [_thread_blocked, id=20828, stack(0x000000314dc00000,0x000000314dd00000) (1024K)]
  0x00000161b4dca480 JavaThread "Service Thread"             daemon [_thread_blocked, id=21192, stack(0x000000314dd00000,0x000000314de00000) (1024K)]
  0x00000161b4dd0610 JavaThread "Monitor Deflation Thread"   daemon [_thread_blocked, id=16096, stack(0x000000314de00000,0x000000314df00000) (1024K)]
  0x00000161b4dd1510 JavaThread "C2 CompilerThread0"         daemon [_thread_blocked, id=18184, stack(0x000000314df00000,0x000000314e000000) (1024K)]
  0x00000161b4e16360 JavaThread "C1 CompilerThread0"         daemon [_thread_blocked, id=16104, stack(0x000000314e000000,0x000000314e100000) (1024K)]
  0x00000161b51fb0f0 JavaThread "Common-Cleaner"             daemon [_thread_blocked, id=17980, stack(0x000000314e100000,0x000000314e200000) (1024K)]
  0x00000161b528d890 JavaThread "Monitor Ctrl-Break"         daemon [_thread_in_native, id=5152, stack(0x000000314e200000,0x000000314e300000) (1024K)]
  0x00000161b528e050 JavaThread "Notification Thread"        daemon [_thread_blocked, id=19124, stack(0x000000314e300000,0x000000314e400000) (1024K)]
  0x00000161b5be0960 JavaThread "QuantumRenderer-0"          daemon [_thread_blocked, id=19964, stack(0x000000314e400000,0x000000314e500000) (1024K)]
  0x00000161ba001090 JavaThread "InvokeLaterDispatcher"      daemon [_thread_blocked, id=21120, stack(0x000000314e600000,0x000000314e700000) (1024K)]
  0x00000161b5c544b0 JavaThread "JavaFX Application Thread"         [_thread_blocked, id=15552, stack(0x000000314e700000,0x000000314e800000) (1024K)]
  0x0000016196412490 JavaThread "DestroyJavaVM"                     [_thread_blocked, id=14748, stack(0x000000314d100000,0x000000314d200000) (1024K)]
  0x00000161b531a650 JavaThread "JFXMedia Player EventQueueThread" daemon [_thread_blocked, id=3196, stack(0x000000314ef00000,0x000000314f000000) (1024K)]
  0x00000161ba4faf10 JavaThread "Java2D Disposer"            daemon [_thread_blocked, id=18552, stack(0x0000003150100000,0x0000003150200000) (1024K)]
  0x00000161b57d9b10 JavaThread "Media Resource Disposer"    daemon [_thread_blocked, id=1796, stack(0x0000003150400000,0x0000003150500000) (1024K)]
  0x00000161ba4f60f0 JavaThread "SIGINT handler"             daemon [_thread_blocked, id=18020, stack(0x000000314cd00000,0x000000314ce00000) (1024K)]
  0x00000161b51fc0d0 JavaThread "AWT-Shutdown"                      [_thread_blocked, id=12692, stack(0x0000003150200000,0x0000003150300000) (1024K)]
Total: 19

Other Threads:
=>0x00000161b4da6cc0 VMThread "VM Thread"                           [id=16272, stack(0x000000314d800000,0x000000314d900000) (1024K)]
  0x000001619835dd10 WorkerThread "GC Thread#0"                     [id=18540, stack(0x000000314d200000,0x000000314d300000) (1024K)]
  0x00000161b5312f40 WorkerThread "GC Thread#1"                     [id=15340, stack(0x000000314f200000,0x000000314f300000) (1024K)]
  0x00000161b53edac0 WorkerThread "GC Thread#2"                     [id=19388, stack(0x000000314f300000,0x000000314f400000) (1024K)]
  0x00000161b53ec9d0 WorkerThread "GC Thread#3"                     [id=19864, stack(0x000000314f400000,0x000000314f500000) (1024K)]
  0x0000016198377bc0 ConcurrentGCThread "G1 Main Marker"            terminated
  0x00000161983792d0 WorkerThread "G1 Conc#0"                       [id=2208, stack(0x000000314d400000,0x000000314d500000) (1024K)]
  0x000001619838eae0 ConcurrentGCThread "G1 Refine#0"               terminated
  0x00000161b4c648c0 ConcurrentGCThread "G1 Service"                terminated
Total: 9

Threads with active compile tasks:
Total: 0

VM state: at safepoint (shutting down)

VM Mutex/Monitor currently owned by a thread:  ([mutex/lock_event])
[0x00007ffe065394e8] Threads_lock - owner thread: 0x00000161b4da6cc0
[0x00007ffe06539668] Heap_lock - owner thread: 0x00000161ba4f60f0

Heap address: 0x0000000082600000, size: 2010 MB, Compressed Oops mode: 32-bit

CDS archive(s) mapped at: [0x0000000029000000-0x0000000029dd0000-0x0000000029dd0000), size 14483456, SharedBaseAddress: 0x0000000029000000, ArchiveRelocationMode: 1.
Compressed class space mapped at: 0x000000002a000000-0x000000006a000000, reserved size: 1073741824
UseCompressedClassPointers 1, UseCompactObjectHeaders 0
Narrow klass pointer bits 32, Max shift 3
Narrow klass base: 0x0000000029000000, Narrow klass shift: 0
Encoding Range: [0x0000000029000000 - 0x0000000129000000), (4294967296 bytes)
Klass Range:    [0x0000000029010000 - 0x000000006a000000), (1090453504 bytes)
Klass ID Range:  [65536 - 1090519033) (1090453497)
Protection zone: [0x0000000029000000 - 0x0000000029010000), (65536 bytes)

GC Precious Log:
 CardTable entry size: 512
 Card Set container configuration: InlinePtr #cards 5 size 8 Array Of Cards #cards 10 size 36 Howl #buckets 4 coarsen threshold 1843 Howl Bitmap #cards 512 size 80 coarsen threshold 460 Card regions per heap region 1 cards per card region 2048
 CPUs: 4 total, 4 available
 Memory: 8039M
 Large Page Support: Disabled
 NUMA Support: Disabled
 Compressed Oops: Enabled (32-bit)
 Heap Region Size: 1M
 Heap Min Capacity: 8M
 Heap Initial Capacity: 126M
 Heap Max Capacity: 2010M
 Pre-touch: Disabled
 Parallel Workers: 4
 Concurrent Workers: 1
 Concurrent Refinement Workers: 4
 Periodic GC: Disabled

Heap:
 garbage-first heap   total reserved 2058240K, committed 131072K, used 15235K [0x0000000082600000, 0x0000000100000000)
  region size 1024K, 11 young (11264K), 3 survivors (3072K)

Heap Regions: E=young(eden), S=young(survivor), O=old, HS=humongous(starts), HC=humongous(continues), CS=collection set, F=free, TAMS=top-at-mark-start, PB=parsable bottom
|   0|0x0000000082600000, 0x0000000082700000, 0x0000000082700000|100%| O|  |TAMS 0x0000000082600000| PB 0x0000000082600000| Untracked |  0
|   1|0x0000000082700000, 0x0000000082800000, 0x0000000082800000|100%| O|  |TAMS 0x0000000082700000| PB 0x0000000082700000| Untracked |  0
|   2|0x0000000082800000, 0x0000000082900000, 0x0000000082900000|100%| O|  |TAMS 0x0000000082800000| PB 0x0000000082800000| Untracked |  0
|   3|0x0000000082900000, 0x0000000082a00000, 0x0000000082a00000|100%| O|  |TAMS 0x0000000082900000| PB 0x0000000082900000| Untracked |  0
|   4|0x0000000082a00000, 0x0000000082a2e350, 0x0000000082b00000| 18%| O|  |TAMS 0x0000000082a00000| PB 0x0000000082a00000| Untracked |  0
|   5|0x0000000082b00000, 0x0000000082b00000, 0x0000000082c00000|  0%| F|  |TAMS 0x0000000082b00000| PB 0x0000000082b00000| Untracked |  0
|   6|0x0000000082c00000, 0x0000000082c00000, 0x0000000082d00000|  0%| F|  |TAMS 0x0000000082c00000| PB 0x0000000082c00000| Untracked |  0
|   7|0x0000000082d00000, 0x0000000082d00000, 0x0000000082e00000|  0%| F|  |TAMS 0x0000000082d00000| PB 0x0000000082d00000| Untracked |  0
|   8|0x0000000082e00000, 0x0000000082e00000, 0x0000000082f00000|  0%| F|  |TAMS 0x0000000082e00000| PB 0x0000000082e00000| Untracked |  0
|   9|0x0000000082f00000, 0x0000000082f00000, 0x0000000083000000|  0%| F|  |TAMS 0x0000000082f00000| PB 0x0000000082f00000| Untracked |  0
|  10|0x0000000083000000, 0x0000000083000000, 0x0000000083100000|  0%| F|  |TAMS 0x0000000083000000| PB 0x0000000083000000| Untracked |  0
|  11|0x0000000083100000, 0x0000000083100000, 0x0000000083200000|  0%| F|  |TAMS 0x0000000083100000| PB 0x0000000083100000| Untracked |  0
|  12|0x0000000083200000, 0x0000000083200000, 0x0000000083300000|  0%| F|  |TAMS 0x0000000083200000| PB 0x0000000083200000| Untracked |  0
|  13|0x0000000083300000, 0x0000000083300000, 0x0000000083400000|  0%| F|  |TAMS 0x0000000083300000| PB 0x0000000083300000| Untracked |  0
|  14|0x0000000083400000, 0x0000000083400000, 0x0000000083500000|  0%| F|  |TAMS 0x0000000083400000| PB 0x0000000083400000| Untracked |  0
|  15|0x0000000083500000, 0x0000000083500000, 0x0000000083600000|  0%| F|  |TAMS 0x0000000083500000| PB 0x0000000083500000| Untracked |  0
|  16|0x0000000083600000, 0x0000000083600000, 0x0000000083700000|  0%| F|  |TAMS 0x0000000083600000| PB 0x0000000083600000| Untracked |  0
|  17|0x0000000083700000, 0x0000000083700000, 0x0000000083800000|  0%| F|  |TAMS 0x0000000083700000| PB 0x0000000083700000| Untracked |  0
|  18|0x0000000083800000, 0x0000000083800000, 0x0000000083900000|  0%| F|  |TAMS 0x0000000083800000| PB 0x0000000083800000| Untracked |  0
|  19|0x0000000083900000, 0x0000000083900000, 0x0000000083a00000|  0%| F|  |TAMS 0x0000000083900000| PB 0x0000000083900000| Untracked |  0
|  20|0x0000000083a00000, 0x0000000083a00000, 0x0000000083b00000|  0%| F|  |TAMS 0x0000000083a00000| PB 0x0000000083a00000| Untracked |  0
|  21|0x0000000083b00000, 0x0000000083b00000, 0x0000000083c00000|  0%| F|  |TAMS 0x0000000083b00000| PB 0x0000000083b00000| Untracked |  0
|  22|0x0000000083c00000, 0x0000000083c00000, 0x0000000083d00000|  0%| F|  |TAMS 0x0000000083c00000| PB 0x0000000083c00000| Untracked |  0
|  23|0x0000000083d00000, 0x0000000083d00000, 0x0000000083e00000|  0%| F|  |TAMS 0x0000000083d00000| PB 0x0000000083d00000| Untracked |  0
|  24|0x0000000083e00000, 0x0000000083e00000, 0x0000000083f00000|  0%| F|  |TAMS 0x0000000083e00000| PB 0x0000000083e00000| Untracked |  0
|  25|0x0000000083f00000, 0x0000000083f00000, 0x0000000084000000|  0%| F|  |TAMS 0x0000000083f00000| PB 0x0000000083f00000| Untracked |  0
|  26|0x0000000084000000, 0x0000000084000000, 0x0000000084100000|  0%| F|  |TAMS 0x0000000084000000| PB 0x0000000084000000| Untracked |  0
|  27|0x0000000084100000, 0x0000000084100000, 0x0000000084200000|  0%| F|  |TAMS 0x0000000084100000| PB 0x0000000084100000| Untracked |  0
|  28|0x0000000084200000, 0x0000000084200000, 0x0000000084300000|  0%| F|  |TAMS 0x0000000084200000| PB 0x0000000084200000| Untracked |  0
|  29|0x0000000084300000, 0x0000000084300000, 0x0000000084400000|  0%| F|  |TAMS 0x0000000084300000| PB 0x0000000084300000| Untracked |  0
|  30|0x0000000084400000, 0x0000000084400000, 0x0000000084500000|  0%| F|  |TAMS 0x0000000084400000| PB 0x0000000084400000| Untracked |  0
|  31|0x0000000084500000, 0x0000000084500000, 0x0000000084600000|  0%| F|  |TAMS 0x0000000084500000| PB 0x0000000084500000| Untracked |  0
|  32|0x0000000084600000, 0x0000000084600000, 0x0000000084700000|  0%| F|  |TAMS 0x0000000084600000| PB 0x0000000084600000| Untracked |  0
|  33|0x0000000084700000, 0x0000000084700000, 0x0000000084800000|  0%| F|  |TAMS 0x0000000084700000| PB 0x0000000084700000| Untracked |  0
|  34|0x0000000084800000, 0x0000000084800000, 0x0000000084900000|  0%| F|  |TAMS 0x0000000084800000| PB 0x0000000084800000| Untracked |  0
|  35|0x0000000084900000, 0x0000000084900000, 0x0000000084a00000|  0%| F|  |TAMS 0x0000000084900000| PB 0x0000000084900000| Untracked |  0
|  36|0x0000000084a00000, 0x0000000084a00000, 0x0000000084b00000|  0%| F|  |TAMS 0x0000000084a00000| PB 0x0000000084a00000| Untracked |  0
|  37|0x0000000084b00000, 0x0000000084b00000, 0x0000000084c00000|  0%| F|  |TAMS 0x0000000084b00000| PB 0x0000000084b00000| Untracked |  0
|  38|0x0000000084c00000, 0x0000000084c00000, 0x0000000084d00000|  0%| F|  |TAMS 0x0000000084c00000| PB 0x0000000084c00000| Untracked |  0
|  39|0x0000000084d00000, 0x0000000084d00000, 0x0000000084e00000|  0%| F|  |TAMS 0x0000000084d00000| PB 0x0000000084d00000| Untracked |  0
|  40|0x0000000084e00000, 0x0000000084e00000, 0x0000000084f00000|  0%| F|  |TAMS 0x0000000084e00000| PB 0x0000000084e00000| Untracked |  0
|  41|0x0000000084f00000, 0x0000000084f00000, 0x0000000085000000|  0%| F|  |TAMS 0x0000000084f00000| PB 0x0000000084f00000| Untracked |  0
|  42|0x0000000085000000, 0x0000000085000000, 0x0000000085100000|  0%| F|  |TAMS 0x0000000085000000| PB 0x0000000085000000| Untracked |  0
|  43|0x0000000085100000, 0x0000000085100000, 0x0000000085200000|  0%| F|  |TAMS 0x0000000085100000| PB 0x0000000085100000| Untracked |  0
|  44|0x0000000085200000, 0x0000000085200000, 0x0000000085300000|  0%| F|  |TAMS 0x0000000085200000| PB 0x0000000085200000| Untracked |  0
|  45|0x0000000085300000, 0x0000000085300000, 0x0000000085400000|  0%| F|  |TAMS 0x0000000085300000| PB 0x0000000085300000| Untracked |  0
|  46|0x0000000085400000, 0x0000000085400000, 0x0000000085500000|  0%| F|  |TAMS 0x0000000085400000| PB 0x0000000085400000| Untracked |  0
|  47|0x0000000085500000, 0x0000000085500000, 0x0000000085600000|  0%| F|  |TAMS 0x0000000085500000| PB 0x0000000085500000| Untracked |  0
|  48|0x0000000085600000, 0x000000008568dc20, 0x0000000085700000| 55%| S|CS|TAMS 0x0000000085600000| PB 0x0000000085600000| Complete |  0
|  49|0x0000000085700000, 0x0000000085800000, 0x0000000085800000|100%| S|CS|TAMS 0x0000000085700000| PB 0x0000000085700000| Complete |  0
|  50|0x0000000085800000, 0x0000000085900000, 0x0000000085900000|100%| S|CS|TAMS 0x0000000085800000| PB 0x0000000085800000| Complete |  0
|  51|0x0000000085900000, 0x0000000085900000, 0x0000000085a00000|  0%| F|  |TAMS 0x0000000085900000| PB 0x0000000085900000| Untracked |  0
|  52|0x0000000085a00000, 0x0000000085a00000, 0x0000000085b00000|  0%| F|  |TAMS 0x0000000085a00000| PB 0x0000000085a00000| Untracked |  0
|  53|0x0000000085b00000, 0x0000000085b00000, 0x0000000085c00000|  0%| F|  |TAMS 0x0000000085b00000| PB 0x0000000085b00000| Untracked |  0
|  54|0x0000000085c00000, 0x0000000085c00000, 0x0000000085d00000|  0%| F|  |TAMS 0x0000000085c00000| PB 0x0000000085c00000| Untracked |  0
|  55|0x0000000085d00000, 0x0000000085d00000, 0x0000000085e00000|  0%| F|  |TAMS 0x0000000085d00000| PB 0x0000000085d00000| Untracked |  0
|  56|0x0000000085e00000, 0x0000000085e00000, 0x0000000085f00000|  0%| F|  |TAMS 0x0000000085e00000| PB 0x0000000085e00000| Untracked |  0
|  57|0x0000000085f00000, 0x0000000085f00000, 0x0000000086000000|  0%| F|  |TAMS 0x0000000085f00000| PB 0x0000000085f00000| Untracked |  0
|  58|0x0000000086000000, 0x0000000086000000, 0x0000000086100000|  0%| F|  |TAMS 0x0000000086000000| PB 0x0000000086000000| Untracked |  0
|  59|0x0000000086100000, 0x0000000086100000, 0x0000000086200000|  0%| F|  |TAMS 0x0000000086100000| PB 0x0000000086100000| Untracked |  0
|  60|0x0000000086200000, 0x0000000086200000, 0x0000000086300000|  0%| F|  |TAMS 0x0000000086200000| PB 0x0000000086200000| Untracked |  0
|  61|0x0000000086300000, 0x0000000086300000, 0x0000000086400000|  0%| F|  |TAMS 0x0000000086300000| PB 0x0000000086300000| Untracked |  0
|  62|0x0000000086400000, 0x0000000086400000, 0x0000000086500000|  0%| F|  |TAMS 0x0000000086400000| PB 0x0000000086400000| Untracked |  0
|  63|0x0000000086500000, 0x0000000086500000, 0x0000000086600000|  0%| F|  |TAMS 0x0000000086500000| PB 0x0000000086500000| Untracked |  0
|  64|0x0000000086600000, 0x0000000086600000, 0x0000000086700000|  0%| F|  |TAMS 0x0000000086600000| PB 0x0000000086600000| Untracked |  0
|  65|0x0000000086700000, 0x0000000086700000, 0x0000000086800000|  0%| F|  |TAMS 0x0000000086700000| PB 0x0000000086700000| Untracked |  0
|  66|0x0000000086800000, 0x0000000086800000, 0x0000000086900000|  0%| F|  |TAMS 0x0000000086800000| PB 0x0000000086800000| Untracked |  0
|  67|0x0000000086900000, 0x0000000086900000, 0x0000000086a00000|  0%| F|  |TAMS 0x0000000086900000| PB 0x0000000086900000| Untracked |  0
|  68|0x0000000086a00000, 0x0000000086a00000, 0x0000000086b00000|  0%| F|  |TAMS 0x0000000086a00000| PB 0x0000000086a00000| Untracked |  0
|  69|0x0000000086b00000, 0x0000000086b00000, 0x0000000086c00000|  0%| F|  |TAMS 0x0000000086b00000| PB 0x0000000086b00000| Untracked |  0
|  70|0x0000000086c00000, 0x0000000086c00000, 0x0000000086d00000|  0%| F|  |TAMS 0x0000000086c00000| PB 0x0000000086c00000| Untracked |  0
|  71|0x0000000086d00000, 0x0000000086d00000, 0x0000000086e00000|  0%| F|  |TAMS 0x0000000086d00000| PB 0x0000000086d00000| Untracked |  0
|  72|0x0000000086e00000, 0x0000000086e00000, 0x0000000086f00000|  0%| F|  |TAMS 0x0000000086e00000| PB 0x0000000086e00000| Untracked |  0
|  73|0x0000000086f00000, 0x0000000086f00000, 0x0000000087000000|  0%| F|  |TAMS 0x0000000086f00000| PB 0x0000000086f00000| Untracked |  0
|  74|0x0000000087000000, 0x0000000087000000, 0x0000000087100000|  0%| F|  |TAMS 0x0000000087000000| PB 0x0000000087000000| Untracked |  0
|  75|0x0000000087100000, 0x0000000087100000, 0x0000000087200000|  0%| F|  |TAMS 0x0000000087100000| PB 0x0000000087100000| Untracked |  0
|  76|0x0000000087200000, 0x0000000087200000, 0x0000000087300000|  0%| F|  |TAMS 0x0000000087200000| PB 0x0000000087200000| Untracked |  0
|  77|0x0000000087300000, 0x0000000087300000, 0x0000000087400000|  0%| F|  |TAMS 0x0000000087300000| PB 0x0000000087300000| Untracked |  0
|  78|0x0000000087400000, 0x0000000087400000, 0x0000000087500000|  0%| F|  |TAMS 0x0000000087400000| PB 0x0000000087400000| Untracked |  0
|  79|0x0000000087500000, 0x0000000087500000, 0x0000000087600000|  0%| F|  |TAMS 0x0000000087500000| PB 0x0000000087500000| Untracked |  0
|  80|0x0000000087600000, 0x0000000087600000, 0x0000000087700000|  0%| F|  |TAMS 0x0000000087600000| PB 0x0000000087600000| Untracked |  0
|  81|0x0000000087700000, 0x0000000087700000, 0x0000000087800000|  0%| F|  |TAMS 0x0000000087700000| PB 0x0000000087700000| Untracked |  0
|  82|0x0000000087800000, 0x0000000087800000, 0x0000000087900000|  0%| F|  |TAMS 0x0000000087800000| PB 0x0000000087800000| Untracked |  0
|  83|0x0000000087900000, 0x0000000087900000, 0x0000000087a00000|  0%| F|  |TAMS 0x0000000087900000| PB 0x0000000087900000| Untracked |  0
|  84|0x0000000087a00000, 0x0000000087a00000, 0x0000000087b00000|  0%| F|  |TAMS 0x0000000087a00000| PB 0x0000000087a00000| Untracked |  0
|  85|0x0000000087b00000, 0x0000000087b00000, 0x0000000087c00000|  0%| F|  |TAMS 0x0000000087b00000| PB 0x0000000087b00000| Untracked |  0
|  86|0x0000000087c00000, 0x0000000087c00000, 0x0000000087d00000|  0%| F|  |TAMS 0x0000000087c00000| PB 0x0000000087c00000| Untracked |  0
|  87|0x0000000087d00000, 0x0000000087d00000, 0x0000000087e00000|  0%| F|  |TAMS 0x0000000087d00000| PB 0x0000000087d00000| Untracked |  0
|  88|0x0000000087e00000, 0x0000000087e00000, 0x0000000087f00000|  0%| F|  |TAMS 0x0000000087e00000| PB 0x0000000087e00000| Untracked |  0
|  89|0x0000000087f00000, 0x0000000087f00000, 0x0000000088000000|  0%| F|  |TAMS 0x0000000087f00000| PB 0x0000000087f00000| Untracked |  0
|  90|0x0000000088000000, 0x0000000088000000, 0x0000000088100000|  0%| F|  |TAMS 0x0000000088000000| PB 0x0000000088000000| Untracked |  0
|  91|0x0000000088100000, 0x0000000088100000, 0x0000000088200000|  0%| F|  |TAMS 0x0000000088100000| PB 0x0000000088100000| Untracked |  0
|  92|0x0000000088200000, 0x0000000088200000, 0x0000000088300000|  0%| F|  |TAMS 0x0000000088200000| PB 0x0000000088200000| Untracked |  0
|  93|0x0000000088300000, 0x0000000088300000, 0x0000000088400000|  0%| F|  |TAMS 0x0000000088300000| PB 0x0000000088300000| Untracked |  0
|  94|0x0000000088400000, 0x0000000088400000, 0x0000000088500000|  0%| F|  |TAMS 0x0000000088400000| PB 0x0000000088400000| Untracked |  0
|  95|0x0000000088500000, 0x0000000088500000, 0x0000000088600000|  0%| F|  |TAMS 0x0000000088500000| PB 0x0000000088500000| Untracked |  0
|  96|0x0000000088600000, 0x0000000088600000, 0x0000000088700000|  0%| F|  |TAMS 0x0000000088600000| PB 0x0000000088600000| Untracked |  0
|  97|0x0000000088700000, 0x0000000088700000, 0x0000000088800000|  0%| F|  |TAMS 0x0000000088700000| PB 0x0000000088700000| Untracked |  0
|  98|0x0000000088800000, 0x0000000088800000, 0x0000000088900000|  0%| F|  |TAMS 0x0000000088800000| PB 0x0000000088800000| Untracked |  0
|  99|0x0000000088900000, 0x0000000088900000, 0x0000000088a00000|  0%| F|  |TAMS 0x0000000088900000| PB 0x0000000088900000| Untracked |  0
| 100|0x0000000088a00000, 0x0000000088a00000, 0x0000000088b00000|  0%| F|  |TAMS 0x0000000088a00000| PB 0x0000000088a00000| Untracked |  0
| 101|0x0000000088b00000, 0x0000000088b00000, 0x0000000088c00000|  0%| F|  |TAMS 0x0000000088b00000| PB 0x0000000088b00000| Untracked |  0
| 102|0x0000000088c00000, 0x0000000088c00000, 0x0000000088d00000|  0%| F|  |TAMS 0x0000000088c00000| PB 0x0000000088c00000| Untracked |  0
| 103|0x0000000088d00000, 0x0000000088d00000, 0x0000000088e00000|  0%| F|  |TAMS 0x0000000088d00000| PB 0x0000000088d00000| Untracked |  0
| 104|0x0000000088e00000, 0x0000000088e00000, 0x0000000088f00000|  0%| F|  |TAMS 0x0000000088e00000| PB 0x0000000088e00000| Untracked |  0
| 105|0x0000000088f00000, 0x0000000088f00000, 0x0000000089000000|  0%| F|  |TAMS 0x0000000088f00000| PB 0x0000000088f00000| Untracked |  0
| 106|0x0000000089000000, 0x0000000089000000, 0x0000000089100000|  0%| F|  |TAMS 0x0000000089000000| PB 0x0000000089000000| Untracked |  0
| 107|0x0000000089100000, 0x0000000089100000, 0x0000000089200000|  0%| F|  |TAMS 0x0000000089100000| PB 0x0000000089100000| Untracked |  0
| 108|0x0000000089200000, 0x0000000089200000, 0x0000000089300000|  0%| F|  |TAMS 0x0000000089200000| PB 0x0000000089200000| Untracked |  0
| 109|0x0000000089300000, 0x0000000089300000, 0x0000000089400000|  0%| F|  |TAMS 0x0000000089300000| PB 0x0000000089300000| Untracked |  0
| 110|0x0000000089400000, 0x0000000089400000, 0x0000000089500000|  0%| F|  |TAMS 0x0000000089400000| PB 0x0000000089400000| Untracked |  0
| 111|0x0000000089500000, 0x0000000089500000, 0x0000000089600000|  0%| F|  |TAMS 0x0000000089500000| PB 0x0000000089500000| Untracked |  0
| 112|0x0000000089600000, 0x0000000089600000, 0x0000000089700000|  0%| F|  |TAMS 0x0000000089600000| PB 0x0000000089600000| Untracked |  0
| 113|0x0000000089700000, 0x0000000089700000, 0x0000000089800000|  0%| F|  |TAMS 0x0000000089700000| PB 0x0000000089700000| Untracked |  0
| 114|0x0000000089800000, 0x0000000089800000, 0x0000000089900000|  0%| F|  |TAMS 0x0000000089800000| PB 0x0000000089800000| Untracked |  0
| 115|0x0000000089900000, 0x0000000089900000, 0x0000000089a00000|  0%| F|  |TAMS 0x0000000089900000| PB 0x0000000089900000| Untracked |  0
| 116|0x0000000089a00000, 0x0000000089a00000, 0x0000000089b00000|  0%| F|  |TAMS 0x0000000089a00000| PB 0x0000000089a00000| Untracked |  0
| 117|0x0000000089b00000, 0x0000000089b00000, 0x0000000089c00000|  0%| F|  |TAMS 0x0000000089b00000| PB 0x0000000089b00000| Untracked |  0
| 118|0x0000000089c00000, 0x0000000089cdc298, 0x0000000089d00000| 86%| E|  |TAMS 0x0000000089c00000| PB 0x0000000089c00000| Complete |  0
| 119|0x0000000089d00000, 0x0000000089e00000, 0x0000000089e00000|100%| E|CS|TAMS 0x0000000089d00000| PB 0x0000000089d00000| Complete |  0
| 120|0x0000000089e00000, 0x0000000089f00000, 0x0000000089f00000|100%| E|CS|TAMS 0x0000000089e00000| PB 0x0000000089e00000| Complete |  0
| 121|0x0000000089f00000, 0x000000008a000000, 0x000000008a000000|100%| E|CS|TAMS 0x0000000089f00000| PB 0x0000000089f00000| Complete |  0
| 122|0x000000008a000000, 0x000000008a100000, 0x000000008a100000|100%| E|CS|TAMS 0x000000008a000000| PB 0x000000008a000000| Complete |  0
| 123|0x000000008a100000, 0x000000008a200000, 0x000000008a200000|100%| E|CS|TAMS 0x000000008a100000| PB 0x000000008a100000| Complete |  0
| 124|0x000000008a200000, 0x000000008a300000, 0x000000008a300000|100%| E|CS|TAMS 0x000000008a200000| PB 0x000000008a200000| Complete |  0
| 125|0x000000008a300000, 0x000000008a400000, 0x000000008a400000|100%| E|CS|TAMS 0x000000008a300000| PB 0x000000008a300000| Complete |  0
|2008|0x00000000ffe00000, 0x00000000fff00000, 0x00000000fff00000|100%| O|  |TAMS 0x00000000ffe00000| PB 0x00000000ffe00000| Untracked |  0
|2009|0x00000000fff00000, 0x00000000fff24ea8, 0x0000000100000000| 14%| O|  |TAMS 0x00000000fff00000| PB 0x00000000fff00000| Untracked |  0

Card table byte_map: [0x00000161b06c0000,0x00000161b0ab0000] _byte_map_base: 0x00000161b02ad000

Marking Bits: (CMBitMap*) 0x000001619835e4a0
 Bits: [0x00000161b0ab0000, 0x00000161b2a18000)

Polling page: 0x0000016196930000

Metaspace:
Metaspace        used 11585K, committed 11776K, reserved 1114112K
 class space     used 1133K, committed 1216K, reserved 1048576K

Usage:
  Non-class:     10.21 MB used.
      Class:      1.11 MB used.
       Both:     11.31 MB used.

Virtual space:
  Non-class space:       64.00 MB reserved,      10.31 MB ( 16%) committed,  1 nodes.
      Class space:        1.00 GB reserved,       1.19 MB ( <1%) committed,  1 nodes.
             Both:        1.06 GB reserved,      11.50 MB (  1%) committed. 

Chunk freelists:
   Non-Class:  5.58 MB
       Class:  14.70 MB
        Both:  20.28 MB

MaxMetaspaceSize: unlimited
CompressedClassSpaceSize: 1.00 GB
Initial GC threshold: 21.00 MB
Current GC threshold: 21.00 MB
CDS: on
 - commit_granule_bytes: 65536.
 - commit_granule_words: 8192.
 - virtual_space_node_default_size: 8388608.
 - enlarge_chunks_in_place: 1.
UseCompressedClassPointers 1, UseCompactObjectHeaders 0
Narrow klass pointer bits 32, Max shift 3
Narrow klass base: 0x0000000029000000, Narrow klass shift: 0
Encoding Range: [0x0000000029000000 - 0x0000000129000000), (4294967296 bytes)
Klass Range:    [0x0000000029010000 - 0x000000006a000000), (1090453504 bytes)
Klass ID Range:  [65536 - 1090519033) (1090453497)
Protection zone: [0x0000000029000000 - 0x0000000029010000), (65536 bytes)


Internal statistics:

num_allocs_failed_limit: 0.
num_arena_births: 98.
num_arena_deaths: 0.
num_vsnodes_births: 2.
num_vsnodes_deaths: 0.
num_space_committed: 184.
num_space_uncommitted: 0.
num_chunks_returned_to_freelist: 0.
num_chunks_taken_from_freelist: 371.
num_chunk_merges: 0.
num_chunk_splits: 261.
num_chunks_enlarged: 214.
num_inconsistent_stats: 0.

CodeHeap 'non-profiled nmethods': size=120064Kb used=671Kb max_used=671Kb free=119392Kb
 bounds [0x00000161a8750000, 0x00000161a89c0000, 0x00000161afc90000]
CodeHeap 'profiled nmethods': size=120000Kb used=2708Kb max_used=2708Kb free=117291Kb
 bounds [0x00000161a0c90000, 0x00000161a0f40000, 0x00000161a81c0000]
CodeHeap 'non-nmethods': size=5696Kb used=1653Kb max_used=1668Kb free=4042Kb
 bounds [0x00000161a81c0000, 0x00000161a8430000, 0x00000161a8750000]
CodeCache: size=245760Kb, used=5032Kb, max_used=5047Kb, free=240725Kb
 total_blobs=2672, nmethods=1889, adapters=687, full_count=0
Compilation: enabled, stopped_count=0, restarted_count=0

Compilation events (20 events):
Event: 20.161 Thread 0x00000161b4e16360 1895       3       java.lang.ThreadLocal::get (35 bytes)
Event: 20.162 Thread 0x00000161b4e16360 nmethod 1895 0x00000161a0f30488 code [0x00000161a0f30580, 0x00000161a0f30ae8]
Event: 20.162 Thread 0x00000161b4e16360 1896       1       javafx.event.Event::isConsumed (5 bytes)
Event: 20.163 Thread 0x00000161b4e16360 nmethod 1896 0x00000161a87f6f08 code [0x00000161a87f7000, 0x00000161a87f70c8]
Event: 20.163 Thread 0x00000161b4e16360 1897       1       javafx.event.EventType::getSuperType (5 bytes)
Event: 20.163 Thread 0x00000161b4e16360 nmethod 1897 0x00000161a87f7208 code [0x00000161a87f7300, 0x00000161a87f73c8]
Event: 20.272 Thread 0x00000161b4dd1510 1898       4       java.lang.Thread$ThreadIdentifiers::next (12 bytes)
Event: 20.276 Thread 0x00000161b4e16360 1899       3       java.lang.invoke.AbstractValidatingLambdaMetafactory::isAdaptableTo (126 bytes)
Event: 20.279 Thread 0x00000161b4e16360 nmethod 1899 0x00000161a0f30b08 code [0x00000161a0f30c00, 0x00000161a0f319b8]
Event: 20.280 Thread 0x00000161b4e16360 1900       3       java.lang.classfile.constantpool.ConstantPoolBuilder::nameAndTypeEntry (21 bytes)
Event: 20.280 Thread 0x00000161b4e16360 nmethod 1900 0x00000161a0f31a08 code [0x00000161a0f31b00, 0x00000161a0f31e68]
Event: 20.280 Thread 0x00000161b4e16360 1901       3       jdk.internal.classfile.impl.SplitConstantPool::fieldRefEntry (72 bytes)
Event: 20.283 Thread 0x00000161b4e16360 nmethod 1901 0x00000161a0f31e88 code [0x00000161a0f31f80, 0x00000161a0f33578]
Event: 20.289 Thread 0x00000161b4dd1510 nmethod 1898 0x00000161a87f7508 code [0x00000161a87f7600, 0x00000161a87f7678]
Event: 20.289 Thread 0x00000161b4e16360 1902       3       java.lang.invoke.InnerClassLambdaMetafactory::methodDesc (45 bytes)
Event: 20.292 Thread 0x00000161b4e16360 nmethod 1902 0x00000161a0f33588 code [0x00000161a0f33680, 0x00000161a0f352f0]
Event: 20.301 Thread 0x00000161b4dd1510 1903       4       java.lang.Thread$ThreadNumbering::next (14 bytes)
Event: 20.302 Thread 0x00000161b4dd1510 nmethod 1903 0x00000161a87f7808 code [0x00000161a87f7900, 0x00000161a87f7980]
Event: 121.673 Thread 0x00000161b4e16360 1904       1       java.util.concurrent.CopyOnWriteArrayList::setArray (6 bytes)
Event: 121.673 Thread 0x00000161b4e16360 nmethod 1904 0x00000161a87f7b08 code [0x00000161a87f7c00, 0x00000161a87f7d18]

GC Heap Usage History (12 events):
Event: 7.099 {heap Before GC invocations=0 (full 0):
 garbage-first heap   total reserved 2058240K, committed 131072K, used 29843K [0x0000000082600000, 0x0000000100000000)
  region size 1024K, 28 young (28672K), 0 survivors (0K)
}
Event: 7.156 {heap After GC invocations=1 (full 0):
 garbage-first heap   total reserved 2058240K, committed 131072K, used 5916K [0x0000000082600000, 0x0000000100000000)
  region size 1024K, 4 young (4096K), 4 survivors (4096K)
}
Event: 13.357 {heap Before GC invocations=1 (full 0):
 garbage-first heap   total reserved 2058240K, committed 131072K, used 58140K [0x0000000082600000, 0x0000000100000000)
  region size 1024K, 55 young (56320K), 4 survivors (4096K)
}
Event: 13.383 {heap After GC invocations=2 (full 0):
 garbage-first heap   total reserved 2058240K, committed 131072K, used 7790K [0x0000000082600000, 0x0000000100000000)
  region size 1024K, 6 young (6144K), 6 survivors (6144K)
}
Event: 14.829 {heap Before GC invocations=2 (full 0):
 garbage-first heap   total reserved 2058240K, committed 131072K, used 73326K [0x0000000082600000, 0x0000000100000000)
  region size 1024K, 70 young (71680K), 6 survivors (6144K)
}
Event: 14.837 {heap After GC invocations=3 (full 0):
 garbage-first heap   total reserved 2058240K, committed 131072K, used 8226K [0x0000000082600000, 0x0000000100000000)
  region size 1024K, 3 young (3072K), 3 survivors (3072K)
}
Event: 16.430 {heap Before GC invocations=3 (full 0):
 garbage-first heap   total reserved 2058240K, committed 131072K, used 81954K [0x0000000082600000, 0x0000000100000000)
  region size 1024K, 75 young (76800K), 3 survivors (3072K)
}
Event: 16.435 {heap After GC invocations=4 (full 0):
 garbage-first heap   total reserved 2058240K, committed 131072K, used 8018K [0x0000000082600000, 0x0000000100000000)
  region size 1024K, 3 young (3072K), 3 survivors (3072K)
}
Event: 18.067 {heap Before GC invocations=4 (full 0):
 garbage-first heap   total reserved 2058240K, committed 131072K, used 81746K [0x0000000082600000, 0x0000000100000000)
  region size 1024K, 75 young (76800K), 3 survivors (3072K)
}
Event: 18.074 {heap After GC invocations=5 (full 0):
 garbage-first heap   total reserved 2058240K, committed 131072K, used 8083K [0x0000000082600000, 0x0000000100000000)
  region size 1024K, 3 young (3072K), 3 survivors (3072K)
}
Event: 20.302 {heap Before GC invocations=5 (full 0):
 garbage-first heap   total reserved 2058240K, committed 131072K, used 81811K [0x0000000082600000, 0x0000000100000000)
  region size 1024K, 75 young (76800K), 3 survivors (3072K)
}
Event: 20.309 {heap After GC invocations=6 (full 0):
 garbage-first heap   total reserved 2058240K, committed 131072K, used 8067K [0x0000000082600000, 0x0000000100000000)
  region size 1024K, 3 young (3072K), 3 survivors (3072K)
}

Metaspace Usage History (12 events):
Event: 7.099 {metaspace Before GC invocations=0 (full 0):
 Metaspace       used 6520K, committed 6720K, reserved 1114112K
  class space    used 561K, committed 640K, reserved 1048576K
}
Event: 7.156 {metaspace After GC invocations=1 (full 0):
 Metaspace       used 6520K, committed 6720K, reserved 1114112K
  class space    used 561K, committed 640K, reserved 1048576K
}
Event: 13.357 {metaspace Before GC invocations=1 (full 0):
 Metaspace       used 11394K, committed 11584K, reserved 1114112K
  class space    used 1118K, committed 1216K, reserved 1048576K
}
Event: 13.383 {metaspace After GC invocations=2 (full 0):
 Metaspace       used 11394K, committed 11584K, reserved 1114112K
  class space    used 1118K, committed 1216K, reserved 1048576K
}
Event: 14.829 {metaspace Before GC invocations=2 (full 0):
 Metaspace       used 11466K, committed 11712K, reserved 1114112K
  class space    used 1127K, committed 1216K, reserved 1048576K
}
Event: 14.837 {metaspace After GC invocations=3 (full 0):
 Metaspace       used 11466K, committed 11712K, reserved 1114112K
  class space    used 1127K, committed 1216K, reserved 1048576K
}
Event: 16.430 {metaspace Before GC invocations=3 (full 0):
 Metaspace       used 11493K, committed 11712K, reserved 1114112K
  class space    used 1127K, committed 1216K, reserved 1048576K
}
Event: 16.435 {metaspace After GC invocations=4 (full 0):
 Metaspace       used 11493K, committed 11712K, reserved 1114112K
  class space    used 1127K, committed 1216K, reserved 1048576K
}
Event: 18.067 {metaspace Before GC invocations=4 (full 0):
 Metaspace       used 11509K, committed 11712K, reserved 1114112K
  class space    used 1127K, committed 1216K, reserved 1048576K
}
Event: 18.074 {metaspace After GC invocations=5 (full 0):
 Metaspace       used 11509K, committed 11712K, reserved 1114112K
  class space    used 1127K, committed 1216K, reserved 1048576K
}
Event: 20.302 {metaspace Before GC invocations=5 (full 0):
 Metaspace       used 11557K, committed 11776K, reserved 1114112K
  class space    used 1131K, committed 1216K, reserved 1048576K
}
Event: 20.309 {metaspace After GC invocations=6 (full 0):
 Metaspace       used 11557K, committed 11776K, reserved 1114112K
  class space    used 1131K, committed 1216K, reserved 1048576K
}

Dll operation events (20 events):
Event: 1.945 Loaded shared library C:\Users\21348\.openjfx\cache\25.0.1+3\amd64\api-ms-win-crt-private-l1-1-0.dll
Event: 1.960 Loaded shared library C:\Users\21348\.openjfx\cache\25.0.1+3\amd64\api-ms-win-crt-process-l1-1-0.dll
Event: 1.977 Loaded shared library C:\Users\21348\.openjfx\cache\25.0.1+3\amd64\api-ms-win-crt-runtime-l1-1-0.dll
Event: 1.992 Loaded shared library C:\Users\21348\.openjfx\cache\25.0.1+3\amd64\api-ms-win-crt-stdio-l1-1-0.dll
Event: 2.005 Loaded shared library C:\Users\21348\.openjfx\cache\25.0.1+3\amd64\api-ms-win-crt-string-l1-1-0.dll
Event: 2.017 Loaded shared library C:\Users\21348\.openjfx\cache\25.0.1+3\amd64\api-ms-win-crt-time-l1-1-0.dll
Event: 2.033 Loaded shared library C:\Users\21348\.openjfx\cache\25.0.1+3\amd64\api-ms-win-crt-utility-l1-1-0.dll
Event: 2.098 Loaded shared library C:\Users\21348\.openjfx\cache\25.0.1+3\amd64\ucrtbase.dll
Event: 2.117 Loaded shared library C:\Users\21348\.openjfx\cache\25.0.1+3\amd64\vcruntime140.dll
Event: 2.134 Loaded shared library C:\Users\21348\.openjfx\cache\25.0.1+3\amd64\vcruntime140_1.dll
Event: 2.168 Loaded shared library C:\Users\21348\.openjfx\cache\25.0.1+3\amd64\msvcp140.dll
Event: 2.182 Loaded shared library C:\Users\21348\.openjfx\cache\25.0.1+3\amd64\msvcp140_1.dll
Event: 2.203 Loaded shared library C:\Users\21348\.openjfx\cache\25.0.1+3\amd64\msvcp140_2.dll
Event: 2.351 Loaded shared library C:\Users\21348\.openjfx\cache\25.0.1+3\amd64\prism_d3d.dll
Event: 2.745 Loaded shared library C:\Users\21348\.openjfx\cache\25.0.1+3\amd64\glass.dll
Event: 4.276 Loaded shared library C:\Users\21348\.openjfx\cache\25.0.1+3\amd64\glib-lite.dll
Event: 4.586 Loaded shared library C:\Users\21348\.openjfx\cache\25.0.1+3\amd64\gstreamer-lite.dll
Event: 4.662 Loaded shared library C:\Users\21348\.openjfx\cache\25.0.1+3\amd64\jfxmedia.dll
Event: 7.500 Loaded shared library C:\Program Files\Java\jdk-25\bin\awt.dll
Event: 8.645 Loaded shared library C:\Users\21348\.openjfx\cache\25.0.1+3\amd64\javafx_font.dll

Deoptimization events (20 events):
Event: 11.845 Thread 0x00000161b5c544b0 Uncommon trap: trap_request=0xffffffde fr.pc=0x00000161a87c7800 relative=0x0000000000000600
Event: 11.845 Thread 0x00000161b5c544b0 Uncommon trap: reason=class_check action=maybe_recompile pc=0x00000161a87c7800 method=java.util.regex.Matcher.search(I)Z @ 121 c2
Event: 11.845 Thread 0x00000161b5c544b0 DEOPT PACKING pc=0x00000161a87c7800 sp=0x000000314e7fc1b0
Event: 11.845 Thread 0x00000161b5c544b0 DEOPT UNPACKING pc=0x00000161a824a002 sp=0x000000314e7fc180 mode 2
Event: 11.924 Thread 0x00000161b5c544b0 Uncommon trap: trap_request=0xffffff45 fr.pc=0x00000161a87de4ec relative=0x0000000000000b6c
Event: 11.924 Thread 0x00000161b5c544b0 Uncommon trap: reason=unstable_if action=reinterpret pc=0x00000161a87de4ec method=sun.util.locale.BaseLocale.equals(Ljava/lang/Object;)Z @ 2 c2
Event: 11.924 Thread 0x00000161b5c544b0 DEOPT PACKING pc=0x00000161a87de4ec sp=0x000000314e7fc150
Event: 11.924 Thread 0x00000161b5c544b0 DEOPT UNPACKING pc=0x00000161a824a002 sp=0x000000314e7fc0f0 mode 2
Event: 12.915 Thread 0x00000161b5c544b0 Uncommon trap: trap_request=0xffffffc6 fr.pc=0x00000161a87c5148 relative=0x0000000000000648
Event: 12.915 Thread 0x00000161b5c544b0 Uncommon trap: reason=bimorphic_or_optimized_type_check action=maybe_recompile pc=0x00000161a87c5148 method=java.util.regex.Pattern$Start.match(Ljava/util/regex/Matcher;ILjava/lang/CharSequence;)Z @ 44 c2
Event: 12.915 Thread 0x00000161b5c544b0 DEOPT PACKING pc=0x00000161a87c5148 sp=0x000000314e7fd720
Event: 12.915 Thread 0x00000161b5c544b0 DEOPT UNPACKING pc=0x00000161a824a002 sp=0x000000314e7fd6f0 mode 2
Event: 12.915 Thread 0x00000161b5c544b0 Uncommon trap: trap_request=0xffffff6e fr.pc=0x00000161a87c3c04 relative=0x0000000000000284
Event: 12.915 Thread 0x00000161b5c544b0 Uncommon trap: reason=predicate action=maybe_recompile pc=0x00000161a87c3c04 method=java.util.regex.Pattern$BmpCharPropertyGreedy.match(Ljava/util/regex/Matcher;ILjava/lang/CharSequence;)Z @ 12 c2
Event: 12.915 Thread 0x00000161b5c544b0 DEOPT PACKING pc=0x00000161a87c3c04 sp=0x000000314e7fd630
Event: 12.915 Thread 0x00000161b5c544b0 DEOPT UNPACKING pc=0x00000161a824a002 sp=0x000000314e7fd5e8 mode 2
Event: 12.916 Thread 0x00000161b5c544b0 Uncommon trap: trap_request=0xffffff6e fr.pc=0x00000161a87c4ffc relative=0x00000000000004fc
Event: 12.916 Thread 0x00000161b5c544b0 Uncommon trap: reason=predicate action=maybe_recompile pc=0x00000161a87c4ffc method=java.util.regex.Pattern$BmpCharPropertyGreedy.match(Ljava/util/regex/Matcher;ILjava/lang/CharSequence;)Z @ 12 c2
Event: 12.916 Thread 0x00000161b5c544b0 DEOPT PACKING pc=0x00000161a87c4ffc sp=0x000000314e7fd720
Event: 12.916 Thread 0x00000161b5c544b0 DEOPT UNPACKING pc=0x00000161a824a002 sp=0x000000314e7fd678 mode 2

Classes loaded (20 events):
Event: 13.227 Loading class java/util/ConcurrentModificationException
Event: 13.234 Loading class java/util/ConcurrentModificationException done
Event: 13.281 Loading class java/util/EnumMap$Values
Event: 13.281 Loading class java/util/EnumMap$Values done
Event: 13.281 Loading class java/util/EnumMap$ValueIterator
Event: 13.281 Loading class java/util/EnumMap$EnumMapIterator
Event: 13.282 Loading class java/util/EnumMap$EnumMapIterator done
Event: 13.282 Loading class java/util/EnumMap$ValueIterator done
Event: 13.393 Loading class java/util/Timer
Event: 13.394 Loading class java/util/Timer done
Event: 13.394 Loading class java/util/TaskQueue
Event: 13.394 Loading class java/util/TaskQueue done
Event: 13.395 Loading class java/util/TimerThread
Event: 13.397 Loading class java/util/TimerThread done
Event: 13.397 Loading class java/util/Timer$ThreadReaper
Event: 13.398 Loading class java/util/Timer$ThreadReaper done
Event: 121.668 Loading class jdk/internal/misc/Signal$1
Event: 121.669 Loading class jdk/internal/misc/Signal$1 done
Event: 121.680 Loading class java/util/LinkedList$ListItr
Event: 121.681 Loading class java/util/LinkedList$ListItr done

Classes unloaded (0 events):
No events

Classes redefined (0 events):
No events

Internal exceptions (20 events):
Event: 4.724 Thread 0x00000161b5c544b0 Implicit null exception at 0x00000161a87969bb to 0x00000161a8797528
Event: 5.960 Thread 0x00000161b5c544b0 Exception <a 'java/lang/NullPointerException'{0x00000000890aa9d0}> (0x00000000890aa9d0) 
thrown [s\open\src\hotspot\share\interpreter\linkResolver.cpp, line 1522]
Event: 7.374 Thread 0x00000161b5c544b0 Exception <a 'java/lang/NoSuchMethodError'{0x000000008a213380}: 'java.lang.Object java.lang.invoke.DirectMethodHandle$Holder.invokeStaticInit(java.lang.Object, java.lang.Object, java.lang.Object, java.lang.Object)'> (0x000000008a213380) 
thrown [s\open\src\hotspot\share\interpreter\linkResolver.cpp, line 804]
Event: 7.451 Thread 0x00000161b5c544b0 Exception <a 'java/lang/ClassNotFoundException'{0x000000008a263920}: sun/awt/resources/spi/awtProvider> (0x000000008a263920) 
thrown [s\open\src\hotspot\share\classfile\systemDictionary.cpp, line 327]
Event: 7.503 Thread 0x00000161b5c544b0 Exception <a 'java/io/FileNotFoundException'{0x000000008a2672c8}> (0x000000008a2672c8) 
thrown [s\open\src\hotspot\share\prims\jni.cpp, line 516]
Event: 7.503 Thread 0x00000161b5c544b0 Exception <a 'java/io/FileNotFoundException'{0x000000008a267c88}> (0x000000008a267c88) 
thrown [s\open\src\hotspot\share\prims\jni.cpp, line 516]
Event: 8.273 Thread 0x00000161b5c544b0 Exception <a 'java/lang/NoSuchMethodError'{0x0000000089392a10}: 'long java.lang.invoke.DirectMethodHandle$Holder.invokeStatic(java.lang.Object, java.lang.Object)'> (0x0000000089392a10) 
thrown [s\open\src\hotspot\share\interpreter\linkResolver.cpp, line 804]
Event: 8.275 Thread 0x00000161b5c544b0 Exception <a 'java/lang/NoSuchMethodError'{0x000000008939aa68}: 'long java.lang.invoke.DirectMethodHandle$Holder.invokeStaticInit(java.lang.Object, java.lang.Object)'> (0x000000008939aa68) 
thrown [s\open\src\hotspot\share\interpreter\linkResolver.cpp, line 804]
Event: 8.281 Thread 0x00000161b5c544b0 Exception <a 'java/lang/NoSuchMethodError'{0x00000000893a30d8}: 'java.lang.Object java.lang.invoke.DirectMethodHandle$Holder.invokeStatic(java.lang.Object, long, java.lang.Object)'> (0x00000000893a30d8) 
thrown [s\open\src\hotspot\share\interpreter\linkResolver.cpp, line 804]
Event: 8.282 Thread 0x00000161b5c544b0 Exception <a 'java/lang/NoSuchMethodError'{0x000000008899db50}: 'java.lang.Object java.lang.invoke.DirectMethodHandle$Holder.invokeStaticInit(java.lang.Object, long, java.lang.Object)'> (0x000000008899db50) 
thrown [s\open\src\hotspot\share\interpreter\linkResolver.cpp, line 804]
Event: 8.284 Thread 0x00000161b5c544b0 Exception <a 'java/lang/NoSuchMethodError'{0x00000000889a5de0}: 'java.lang.Object java.lang.invoke.DirectMethodHandle$Holder.invokeStaticInit(java.lang.Object, long)'> (0x00000000889a5de0) 
thrown [s\open\src\hotspot\share\interpreter\linkResolver.cpp, line 804]
Event: 8.362 Thread 0x00000161b5c544b0 Exception <a 'java/lang/NullPointerException'{0x00000000889fd578}> (0x00000000889fd578) 
thrown [s\open\src\hotspot\share\interpreter\linkResolver.cpp, line 1416]
Event: 8.531 Thread 0x00000161b5c544b0 Exception <a 'java/lang/NoSuchMethodError'{0x00000000883ff4c8}: 'void java.lang.invoke.DirectMethodHandle$Holder.invokeSpecialIFC(java.lang.Object, java.lang.Object, java.lang.Object)'> (0x00000000883ff4c8) 
thrown [s\open\src\hotspot\share\interpreter\linkResolver.cpp, line 804]
Event: 8.617 Thread 0x00000161b5c544b0 Exception <a 'java/io/IOException'{0x000000008829b110}> (0x000000008829b110) 
thrown [s\open\src\hotspot\share\prims\jni.cpp, line 516]
Event: 13.098 Thread 0x00000161b5c544b0 Exception <a 'java/lang/NoSuchMethodError'{0x00000000871ca5e0}: 'java.lang.Object java.lang.invoke.DirectMethodHandle$Holder.newInvokeSpecial(java.lang.Object, java.lang.Object, java.lang.Object, java.lang.Object, java.lang.Object)'> (0x00000000871ca5e0) 
thrown [s\open\src\hotspot\share\interpreter\linkResolver.cpp, line 804]
Event: 13.151 Thread 0x00000161b5c544b0 Exception <a 'java/lang/NoSuchMethodError'{0x000000008702d088}: 'java.lang.Object java.lang.invoke.DirectMethodHandle$Holder.newInvokeSpecial(java.lang.Object, java.lang.Object, int)'> (0x000000008702d088) 
thrown [s\open\src\hotspot\share\interpreter\linkResolver.cpp, line 804]
Event: 13.243 Thread 0x00000161b5c544b0 Exception <a 'java/lang/NoSuchMethodError'{0x000000008703e620}: 'void java.lang.invoke.DirectMethodHandle$Holder.invokeSpecial(java.lang.Object, java.lang.Object, double)'> (0x000000008703e620) 
thrown [s\open\src\hotspot\share\interpreter\linkResolver.cpp, line 804]
Event: 13.246 Thread 0x00000161b5c544b0 Exception <a 'java/lang/NoSuchMethodError'{0x0000000087084e68}: 'java.lang.Object java.lang.invoke.DirectMethodHandle$Holder.newInvokeSpecial(java.lang.Object, java.lang.Object, double)'> (0x0000000087084e68) 
thrown [s\open\src\hotspot\share\interpreter\linkResolver.cpp, line 804]
Event: 13.251 Thread 0x00000161b5c544b0 Exception <a 'java/lang/NoSuchMethodError'{0x000000008708e9f0}: 'void java.lang.invoke.DirectMethodHandle$Holder.invokeSpecial(java.lang.Object, java.lang.Object, int, int)'> (0x000000008708e9f0) 
thrown [s\open\src\hotspot\share\interpreter\linkResolver.cpp, line 804]
Event: 13.253 Thread 0x00000161b5c544b0 Exception <a 'java/lang/NoSuchMethodError'{0x000000008709e048}: 'java.lang.Object java.lang.invoke.DirectMethodHandle$Holder.newInvokeSpecial(java.lang.Object, java.lang.Object, int, int)'> (0x000000008709e048) 
thrown [s\open\src\hotspot\share\interpreter\linkResolver.cpp, line 804]

VM Operations (20 events):
Event: 7.156 Executing safepoint VM operation: G1CollectForAllocation (G1 Evacuation Pause) done
Event: 9.313 Executing non-safepoint VM operation: HandshakeAllThreads (Deoptimize)
Event: 9.315 Executing non-safepoint VM operation: HandshakeAllThreads (Deoptimize) done
Event: 13.073 Executing non-safepoint VM operation: HandshakeAllThreads (Deoptimize)
Event: 13.073 Executing non-safepoint VM operation: HandshakeAllThreads (Deoptimize) done
Event: 13.357 Executing safepoint VM operation: G1CollectForAllocation (G1 Evacuation Pause)
Event: 13.383 Executing safepoint VM operation: G1CollectForAllocation (G1 Evacuation Pause) done
Event: 14.829 Executing safepoint VM operation: G1CollectForAllocation (G1 Evacuation Pause)
Event: 14.837 Executing safepoint VM operation: G1CollectForAllocation (G1 Evacuation Pause) done
Event: 16.430 Executing safepoint VM operation: G1CollectForAllocation (G1 Evacuation Pause)
Event: 16.435 Executing safepoint VM operation: G1CollectForAllocation (G1 Evacuation Pause) done
Event: 18.067 Executing safepoint VM operation: G1CollectForAllocation (G1 Evacuation Pause)
Event: 18.074 Executing safepoint VM operation: G1CollectForAllocation (G1 Evacuation Pause) done
Event: 20.302 Executing safepoint VM operation: G1CollectForAllocation (G1 Evacuation Pause)
Event: 20.309 Executing safepoint VM operation: G1CollectForAllocation (G1 Evacuation Pause) done
Event: 60.162 Executing non-safepoint VM operation: HandshakeAllThreads (HandshakeForDeflation)
Event: 60.162 Executing non-safepoint VM operation: HandshakeAllThreads (HandshakeForDeflation) done
Event: 60.162 Executing non-safepoint VM operation: RendezvousGCThreads
Event: 60.162 Executing non-safepoint VM operation: RendezvousGCThreads done
Event: 121.777 Executing safepoint VM operation: Exit

Memory protections (0 events):
No events

Nmethod flushes (0 events):
No events

Events (20 events):
Event: 20.325 Thread 0x00000161ba4f97a0 Thread exited: 0x00000161ba4f97a0
Event: 20.325 Thread 0x00000161ba4f7090 Thread added: 0x00000161ba4f7090
Event: 20.325 Thread 0x00000161ba4f7090 Thread exited: 0x00000161ba4f7090
Event: 20.326 Thread 0x00000161ba4f97a0 Thread added: 0x00000161ba4f97a0
Event: 20.326 Thread 0x00000161ba4f97a0 Thread exited: 0x00000161ba4f97a0
Event: 20.671 Thread 0x00000161ba4f60f0 Thread added: 0x00000161ba4f60f0
Event: 20.671 Thread 0x00000161ba4f60f0 Thread exited: 0x00000161ba4f60f0
Event: 121.669 Thread 0x00000161b4dc6270 Thread added: 0x00000161ba4f60f0
Event: 121.670 Thread 0x00000161ba4f60f0 Thread added: 0x00000161ba4fb6e0
Event: 121.670 Thread 0x00000161ba4f60f0 Thread added: 0x00000161ba4fbeb0
Event: 121.671 Thread 0x00000161ba4f60f0 Thread added: 0x00000161b57dc220
Event: 121.672 Thread 0x00000161b57daab0 Thread added: 0x00000161b51fc0d0
Event: 121.673 Thread 0x00000161ba4fbeb0 Thread exited: 0x00000161ba4fbeb0
Event: 121.675 Thread 0x00000161b57dc220 Thread added: 0x00000161c78273a0
Event: 121.676 Thread 0x00000161c78273a0 Thread exited: 0x00000161c78273a0
Event: 121.679 Thread 0x00000161b57daab0 Thread exited: 0x00000161b57daab0
Event: 121.683 Thread 0x00000161b57dc220 Thread exited: 0x00000161b57dc220
Event: 121.775 Thread 0x00000161ba4fb6e0 Thread exited: 0x00000161ba4fb6e0
Event: 121.775 Thread 0x00000161ba4f60f0 Before exit entered
Event: 121.776 Thread 0x00000161b4dc6270 Thread exited: 0x00000161b4dc6270


Dynamic libraries:
0x00007ff74b7f0000 - 0x00007ff74b7fe000 	C:\Program Files\Java\jdk-25\bin\java.exe
0x00007ffe3ca00000 - 0x00007ffe3cc67000 	C:\Windows\SYSTEM32\ntdll.dll
0x00007ffe3b3e0000 - 0x00007ffe3b4a9000 	C:\Windows\System32\KERNEL32.DLL
0x00007ffe3a220000 - 0x00007ffe3a60f000 	C:\Windows\System32\KERNELBASE.dll
0x00007ffe39b50000 - 0x00007ffe39c9b000 	C:\Windows\System32\ucrtbase.dll
0x00007ffe2f0b0000 - 0x00007ffe2f0c7000 	C:\Program Files\Java\jdk-25\bin\jli.dll
0x00007ffe2f140000 - 0x00007ffe2f15e000 	C:\Program Files\Java\jdk-25\bin\VCRUNTIME140.dll
0x00007ffe3adb0000 - 0x00007ffe3af75000 	C:\Windows\System32\USER32.dll
0x00007ffe29720000 - 0x00007ffe299b3000 	C:\Windows\WinSxS\amd64_microsoft.windows.common-controls_6595b64144ccf1df_6.0.26100.7309_none_3e05feeae336a044\COMCTL32.dll
0x00007ffe3a1f0000 - 0x00007ffe3a217000 	C:\Windows\System32\win32u.dll
0x00007ffe3a7a0000 - 0x00007ffe3a7cb000 	C:\Windows\System32\GDI32.dll
0x00007ffe3bec0000 - 0x00007ffe3bf69000 	C:\Windows\System32\msvcrt.dll
0x00007ffe39d50000 - 0x00007ffe39e7c000 	C:\Windows\System32\gdi32full.dll
0x00007ffe3a0b0000 - 0x00007ffe3a153000 	C:\Windows\System32\msvcp_win.dll
0x00007ffe3c5e0000 - 0x00007ffe3c611000 	C:\Windows\System32\IMM32.DLL
0x00007ffe25040000 - 0x00007ffe25132000 	C:\Program Files\Windhawk\Engine\1.7.3\64\windhawk.dll
0x00007ffe3af90000 - 0x00007ffe3b044000 	C:\Windows\System32\ADVAPI32.dll
0x00007ffe3b4b0000 - 0x00007ffe3b556000 	C:\Windows\System32\sechost.dll
0x00007ffe3c820000 - 0x00007ffe3c938000 	C:\Windows\System32\RPCRT4.dll
0x00007ffe24c80000 - 0x00007ffe24caa000 	C:\ProgramData\Windhawk\Engine\Mods\64\explorer-details-better-file-sizes_1.5_788282.dll
0x00007ffe3c680000 - 0x00007ffe3c817000 	C:\Windows\System32\ole32.dll
0x00007ffe3b050000 - 0x00007ffe3b3d6000 	C:\Windows\System32\combase.dll
0x00007ffe3c400000 - 0x00007ffe3c4d6000 	C:\Windows\System32\OLEAUT32.dll
0x00007ffe3b560000 - 0x00007ffe3bcb3000 	C:\Windows\System32\SHELL32.dll
0x00007ffe24a60000 - 0x00007ffe24c09000 	C:\ProgramData\Windhawk\Engine\Mods\64\libc++.whl
0x00007ffe24c10000 - 0x00007ffe24c4a000 	C:\ProgramData\Windhawk\Engine\Mods\64\libunwind.whl
0x00007ffe347f0000 - 0x00007ffe348f3000 	C:\Windows\SYSTEM32\PROPSYS.dll
0x00007ffe39e80000 - 0x00007ffe39fea000 	C:\Windows\System32\wintypes.dll
0x00007ffe35d20000 - 0x00007ffe35d2c000 	C:\Program Files\Java\jdk-25\bin\vcruntime140_1.dll
0x00007ffe1c2b0000 - 0x00007ffe1c33d000 	C:\Program Files\Java\jdk-25\bin\msvcp140.dll
0x00007ffe057c0000 - 0x00007ffe0661f000 	C:\Program Files\Java\jdk-25\bin\server\jvm.dll
0x00007ffe3bd40000 - 0x00007ffe3bdb4000 	C:\Windows\System32\WS2_32.dll
0x00007ffe399d0000 - 0x00007ffe39a2e000 	C:\Windows\SYSTEM32\POWRPROF.dll
0x00007ffe30bc0000 - 0x00007ffe30bcb000 	C:\Windows\SYSTEM32\VERSION.dll
0x00007ffe361d0000 - 0x00007ffe36205000 	C:\Windows\SYSTEM32\WINMM.dll
0x00007ffe399b0000 - 0x00007ffe399c4000 	C:\Windows\SYSTEM32\UMPDC.dll
0x00007ffe388d0000 - 0x00007ffe388eb000 	C:\Windows\SYSTEM32\kernel.appcore.dll
0x00007ffe34030000 - 0x00007ffe3403a000 	C:\Program Files\Java\jdk-25\bin\jimage.dll
0x00007ffe37130000 - 0x00007ffe37372000 	C:\Windows\SYSTEM32\DBGHELP.DLL
0x00007ffe1afb0000 - 0x00007ffe1afec000 	C:\Windows\SYSTEM32\dbgcore.DLL
0x00007ffe39ca0000 - 0x00007ffe39d45000 	C:\Windows\System32\bcryptPrimitives.dll
0x00007ffe33a40000 - 0x00007ffe33a50000 	C:\Program Files\Java\jdk-25\bin\instrument.dll
0x00007ffe2e340000 - 0x00007ffe2e35f000 	C:\Program Files\Java\jdk-25\bin\java.dll
0x00007ffe37380000 - 0x00007ffe37bde000 	C:\Windows\SYSTEM32\windows.storage.dll
0x00007ffe3c4e0000 - 0x00007ffe3c5d4000 	C:\Windows\System32\SHCORE.dll
0x00007ffe3a8d0000 - 0x00007ffe3a936000 	C:\Windows\System32\shlwapi.dll
0x00007ffe39a70000 - 0x00007ffe39a99000 	C:\Windows\SYSTEM32\profapi.dll
0x00007ffe29a20000 - 0x00007ffe29a37000 	C:\Program Files\Java\jdk-25\bin\zip.dll
0x00007ffe292a0000 - 0x00007ffe292b2000 	C:\Program Files\Java\jdk-25\bin\net.dll
0x00007ffe38e40000 - 0x00007ffe38eab000 	C:\Windows\system32\mswsock.dll
0x00007ffe219a0000 - 0x00007ffe219b6000 	C:\Program Files\Java\jdk-25\bin\nio.dll
0x00007ffe33790000 - 0x00007ffe33799000 	C:\Program Files\Java\jdk-25\bin\extnet.dll
0x0000016196970000 - 0x0000016196974000 	C:\Users\21348\.openjfx\cache\25.0.1+3\amd64\api-ms-win-core-console-l1-1-0.dll
0x0000016196980000 - 0x0000016196984000 	C:\Users\21348\.openjfx\cache\25.0.1+3\amd64\api-ms-win-core-console-l1-2-0.dll
0x0000016196990000 - 0x0000016196994000 	C:\Users\21348\.openjfx\cache\25.0.1+3\amd64\api-ms-win-core-datetime-l1-1-0.dll
0x00000161983e0000 - 0x00000161983e4000 	C:\Users\21348\.openjfx\cache\25.0.1+3\amd64\api-ms-win-core-debug-l1-1-0.dll
0x00000161983f0000 - 0x00000161983f4000 	C:\Users\21348\.openjfx\cache\25.0.1+3\amd64\api-ms-win-core-errorhandling-l1-1-0.dll
0x0000016198400000 - 0x0000016198405000 	C:\Users\21348\.openjfx\cache\25.0.1+3\amd64\api-ms-win-core-file-l1-1-0.dll
0x00000161b5c60000 - 0x00000161b5c64000 	C:\Users\21348\.openjfx\cache\25.0.1+3\amd64\api-ms-win-core-file-l1-2-0.dll
0x00000161b5c70000 - 0x00000161b5c74000 	C:\Users\21348\.openjfx\cache\25.0.1+3\amd64\api-ms-win-core-file-l2-1-0.dll
0x00000161b5c80000 - 0x00000161b5c84000 	C:\Users\21348\.openjfx\cache\25.0.1+3\amd64\api-ms-win-core-handle-l1-1-0.dll
0x00000161b5c90000 - 0x00000161b5c94000 	C:\Users\21348\.openjfx\cache\25.0.1+3\amd64\api-ms-win-core-heap-l1-1-0.dll
0x00000161b5ca0000 - 0x00000161b5ca4000 	C:\Users\21348\.openjfx\cache\25.0.1+3\amd64\api-ms-win-core-interlocked-l1-1-0.dll
0x00000161b5cb0000 - 0x00000161b5cb4000 	C:\Users\21348\.openjfx\cache\25.0.1+3\amd64\api-ms-win-core-libraryloader-l1-1-0.dll
0x00000161b5cc0000 - 0x00000161b5cc4000 	C:\Users\21348\.openjfx\cache\25.0.1+3\amd64\api-ms-win-core-localization-l1-2-0.dll
0x00000161b5cd0000 - 0x00000161b5cd4000 	C:\Users\21348\.openjfx\cache\25.0.1+3\amd64\api-ms-win-core-memory-l1-1-0.dll
0x00000161b5ce0000 - 0x00000161b5ce4000 	C:\Users\21348\.openjfx\cache\25.0.1+3\amd64\api-ms-win-core-namedpipe-l1-1-0.dll
0x00000161b5cf0000 - 0x00000161b5cf4000 	C:\Users\21348\.openjfx\cache\25.0.1+3\amd64\api-ms-win-core-processenvironment-l1-1-0.dll
0x00000161b5d00000 - 0x00000161b5d04000 	C:\Users\21348\.openjfx\cache\25.0.1+3\amd64\api-ms-win-core-processthreads-l1-1-0.dll
0x00000161b5d10000 - 0x00000161b5d14000 	C:\Users\21348\.openjfx\cache\25.0.1+3\amd64\api-ms-win-core-processthreads-l1-1-1.dll
0x00000161b5d20000 - 0x00000161b5d24000 	C:\Users\21348\.openjfx\cache\25.0.1+3\amd64\api-ms-win-core-profile-l1-1-0.dll
0x00000161b5d30000 - 0x00000161b5d34000 	C:\Users\21348\.openjfx\cache\25.0.1+3\amd64\api-ms-win-core-rtlsupport-l1-1-0.dll
0x00000161b5d40000 - 0x00000161b5d44000 	C:\Users\21348\.openjfx\cache\25.0.1+3\amd64\api-ms-win-core-string-l1-1-0.dll
0x00000161b5d50000 - 0x00000161b5d54000 	C:\Users\21348\.openjfx\cache\25.0.1+3\amd64\api-ms-win-core-synch-l1-1-0.dll
0x00000161b5d60000 - 0x00000161b5d64000 	C:\Users\21348\.openjfx\cache\25.0.1+3\amd64\api-ms-win-core-synch-l1-2-0.dll
0x00000161b5d70000 - 0x00000161b5d74000 	C:\Users\21348\.openjfx\cache\25.0.1+3\amd64\api-ms-win-core-sysinfo-l1-1-0.dll
0x00000161b5d80000 - 0x00000161b5d84000 	C:\Users\21348\.openjfx\cache\25.0.1+3\amd64\api-ms-win-core-timezone-l1-1-0.dll
0x00000161b5d90000 - 0x00000161b5d94000 	C:\Users\21348\.openjfx\cache\25.0.1+3\amd64\api-ms-win-core-util-l1-1-0.dll
0x00000161b5da0000 - 0x00000161b5da4000 	C:\Users\21348\.openjfx\cache\25.0.1+3\amd64\api-ms-win-crt-conio-l1-1-0.dll
0x00000161b5db0000 - 0x00000161b5db5000 	C:\Users\21348\.openjfx\cache\25.0.1+3\amd64\api-ms-win-crt-convert-l1-1-0.dll
0x00000161b5dc0000 - 0x00000161b5dc4000 	C:\Users\21348\.openjfx\cache\25.0.1+3\amd64\api-ms-win-crt-environment-l1-1-0.dll
0x00000161b5dd0000 - 0x00000161b5dd4000 	C:\Users\21348\.openjfx\cache\25.0.1+3\amd64\api-ms-win-crt-filesystem-l1-1-0.dll
0x00000161b5de0000 - 0x00000161b5de4000 	C:\Users\21348\.openjfx\cache\25.0.1+3\amd64\api-ms-win-crt-heap-l1-1-0.dll
0x00000161b5df0000 - 0x00000161b5df4000 	C:\Users\21348\.openjfx\cache\25.0.1+3\amd64\api-ms-win-crt-locale-l1-1-0.dll
0x00000161b5e00000 - 0x00000161b5e06000 	C:\Users\21348\.openjfx\cache\25.0.1+3\amd64\api-ms-win-crt-math-l1-1-0.dll
0x00000161b5e10000 - 0x00000161b5e16000 	C:\Users\21348\.openjfx\cache\25.0.1+3\amd64\api-ms-win-crt-multibyte-l1-1-0.dll
0x00000161b5e20000 - 0x00000161b5e31000 	C:\Users\21348\.openjfx\cache\25.0.1+3\amd64\api-ms-win-crt-private-l1-1-0.dll
0x00000161b5e40000 - 0x00000161b5e44000 	C:\Users\21348\.openjfx\cache\25.0.1+3\amd64\api-ms-win-crt-process-l1-1-0.dll
0x00000161b5e50000 - 0x00000161b5e55000 	C:\Users\21348\.openjfx\cache\25.0.1+3\amd64\api-ms-win-crt-runtime-l1-1-0.dll
0x00000161b5e60000 - 0x00000161b5e65000 	C:\Users\21348\.openjfx\cache\25.0.1+3\amd64\api-ms-win-crt-stdio-l1-1-0.dll
0x00000161b5e70000 - 0x00000161b5e75000 	C:\Users\21348\.openjfx\cache\25.0.1+3\amd64\api-ms-win-crt-string-l1-1-0.dll
0x00000161b5e80000 - 0x00000161b5e84000 	C:\Users\21348\.openjfx\cache\25.0.1+3\amd64\api-ms-win-crt-time-l1-1-0.dll
0x00000161b5e90000 - 0x00000161b5e94000 	C:\Users\21348\.openjfx\cache\25.0.1+3\amd64\api-ms-win-crt-utility-l1-1-0.dll
0x00007ffe0f020000 - 0x00007ffe0f131000 	C:\Users\21348\.openjfx\cache\25.0.1+3\amd64\ucrtbase.dll
0x00007ffe20d40000 - 0x00007ffe20d5e000 	C:\Users\21348\.openjfx\cache\25.0.1+3\amd64\vcruntime140.dll
0x00007ffe329a0000 - 0x00007ffe329ac000 	C:\Users\21348\.openjfx\cache\25.0.1+3\amd64\vcruntime140_1.dll
0x00007ffe170d0000 - 0x00007ffe1715d000 	C:\Users\21348\.openjfx\cache\25.0.1+3\amd64\msvcp140.dll
0x00007ffe32410000 - 0x00007ffe32419000 	C:\Users\21348\.openjfx\cache\25.0.1+3\amd64\msvcp140_1.dll
0x00007ffe1dc50000 - 0x00007ffe1dc91000 	C:\Users\21348\.openjfx\cache\25.0.1+3\amd64\msvcp140_2.dll
0x00007ffe20850000 - 0x00007ffe20880000 	C:\Users\21348\.openjfx\cache\25.0.1+3\amd64\prism_d3d.dll
0x00007ffe25cc0000 - 0x00007ffe25e73000 	C:\Windows\system32\d3d9.dll
0x00007ffe36190000 - 0x00007ffe361c0000 	C:\Windows\SYSTEM32\dwmapi.dll
0x00007ffe366c0000 - 0x00007ffe36704000 	C:\Windows\SYSTEM32\dxcore.dll
0x00007ffe35e90000 - 0x00007ffe35f3b000 	C:\Windows\system32\uxtheme.dll
0x00007ffe330b0000 - 0x00007ffe33113000 	C:\Windows\SYSTEM32\directxdatabasehelper.dll
0x00007ffe396c0000 - 0x00007ffe39717000 	C:\Windows\SYSTEM32\cfgmgr32.dll
0x00007ffe3a620000 - 0x00007ffe3a797000 	C:\Windows\System32\crypt32.dll
0x00007ffe39220000 - 0x00007ffe39233000 	C:\Windows\SYSTEM32\MSASN1.dll
0x00007ffe39100000 - 0x00007ffe3911b000 	C:\Windows\SYSTEM32\CRYPTSP.dll
0x00007ffe38830000 - 0x00007ffe3886a000 	C:\Windows\system32\rsaenh.dll
0x00007ffe392c0000 - 0x00007ffe392cc000 	C:\Windows\SYSTEM32\CRYPTBASE.dll
0x00007ffe39a40000 - 0x00007ffe39a6a000 	C:\Windows\SYSTEM32\bcrypt.dll
0x00007ffe1d360000 - 0x00007ffe1d3a9000 	C:\Users\21348\.openjfx\cache\25.0.1+3\amd64\glass.dll
0x00007ffe3a7d0000 - 0x00007ffe3a8c0000 	C:\Windows\System32\COMDLG32.dll
0x00007ffe3a960000 - 0x00007ffe3aa10000 	C:\Windows\System32\clbcatq.dll
0x00007ffe32f50000 - 0x00007ffe330a2000 	C:\Windows\System32\Windows.UI.dll
0x00007ffe22390000 - 0x00007ffe2244b000 	C:\Windows\System32\Windows.Networking.Connectivity.dll
0x00007ffe2eab0000 - 0x00007ffe2ecf4000 	C:\Windows\System32\twinapi.appcore.dll
0x00007ffe3aa20000 - 0x00007ffe3ab7e000 	C:\Windows\System32\MSCTF.dll
0x00007ffe1b280000 - 0x00007ffe1b4e6000 	C:\Windows\system32\nvspcap64.dll
0x00007ffe389f0000 - 0x00007ffe38a26000 	C:\Windows\SYSTEM32\ntmarta.dll
0x00007ffe2f5f0000 - 0x00007ffe2f73f000 	C:\Windows\System32\Windows.UI.Immersive.dll
0x00007ffe30410000 - 0x00007ffe30429000 	C:\Windows\System32\npmproxy.dll
0x00007ffe32ec0000 - 0x00007ffe32f4d000 	C:\Windows\SYSTEM32\wlanapi.dll
0x00007ffe32e90000 - 0x00007ffe32eb2000 	C:\Windows\SYSTEM32\MobileNetworking.dll
0x00007ffe382e0000 - 0x00007ffe38314000 	C:\Windows\System32\IPHLPAPI.DLL
0x00007ffe3ada0000 - 0x00007ffe3adaa000 	C:\Windows\System32\NSI.dll
0x00007ffe1b260000 - 0x00007ffe1b273000 	C:\Windows\System32\dusmapi.dll

JVMTI agents:
C:\Users\21348\AppData\Local\Programs\IntelliJ IDEA Community Edition\lib\idea_rt.jar path:C:\Program Files\Java\jdk-25\bin\instrument.dll, loaded, initialized, instrumentlib options:57942

dbghelp: loaded successfully - version: 4.0.5 - missing functions: none
symbol engine: initialized successfully - sym options: 0x614 - pdb path: .;C:\Program Files\Java\jdk-25\bin;C:\Windows\SYSTEM32;C:\Windows\WinSxS\amd64_microsoft.windows.common-controls_6595b64144ccf1df_6.0.26100.7309_none_3e05feeae336a044;C:\Program Files\Windhawk\Engine\1.7.3\64;C:\ProgramData\Windhawk\Engine\Mods\64;C:\Program Files\Java\jdk-25\bin\server;C:\Users\21348\.openjfx\cache\25.0.1+3\amd64;C:\WINDOWS\System32\DriverStore\FileRepository\nvlti.inf_amd64_83a389b28f4c421e;C:\Program Files\Common Files\Microsoft Shared\Ink

VM Arguments:
jvm_args: -javaagent:C:\Users\21348\AppData\Local\Programs\IntelliJ IDEA Community Edition\lib\idea_rt.jar=57942 -Dfile.encoding=UTF-8 -Dsun.stdout.encoding=UTF-8 -Dsun.stderr.encoding=UTF-8 
java_command: com.wmp.test.MediaPlayerTest
java_class_path (initial): C:\Users\21348\Desktop\Îâº×Ðù\Java\Whetstone\out\production\Whetstone;C:\Users\21348\Desktop\Îâº×Ðù\Java\Whetstone\lib\json-20210307.jar;C:\Users\21348\Desktop\Îâº×Ðù\Java\Whetstone\lib\commonmark\commonmark-0.17.0.jar;C:\Users\21348\Desktop\Îâº×Ðù\Java\Whetstone\lib\lunar\lunar-1.7.7.jar;C:\Users\21348\Desktop\Îâº×Ðù\Java\Whetstone\lib\jna\jna-platform-5.18.1.jar;C:\Users\21348\Desktop\Îâº×Ðù\Java\Whetstone\lib\jna\jna-5.18.1.jar;C:\Users\21348\Desktop\Îâº×Ðù\Java\Whetstone\lib\javafx\javafx-controls-25.0.1.jar;C:\Users\21348\Desktop\Îâº×Ðù\Java\Whetstone\lib\javafx\javafx-controls-25.0.1-win.jar;C:\Users\21348\Desktop\Îâº×Ðù\Java\Whetstone\lib\javafx\javafx-graphics-25.0.1.jar;C:\Users\21348\Desktop\Îâº×Ðù\Java\Whetstone\lib\javafx\javafx-graphics-25.0.1-win.jar;C:\Users\21348\Desktop\Îâº×Ðù\Java\Whetstone\lib\javafx\javafx-base-25.0.1.jar;C:\Users\21348\Desktop\Îâº×Ðù\Java\Whetstone\lib\javafx\javafx-base-25.0.1-win.jar;C:\Users\21348\Desktop\Îâº×Ðù\Java\Whetstone\lib\javafx\javafx-media-25.0.1.jar;C:\Users\21348\Desktop\Îâº×Ðù\Java\Whetstone\lib\javafx\javafx-media-25.0.1-win.jar
Launcher Type: SUN_STANDARD

[Global flags]
     intx CICompilerCount                          = 3                                         {product} {ergonomic}
     uint ConcGCThreads                            = 1                                         {product} {ergonomic}
     uint G1ConcRefinementThreads                  = 4                                         {product} {ergonomic}
   size_t G1HeapRegionSize                         = 1048576                                   {product} {ergonomic}
   size_t InitialHeapSize                          = 132120576                                 {product} {ergonomic}
   size_t MarkStackSize                            = 4194304                                   {product} {ergonomic}
   size_t MarkStackSizeMax                         = 536870912                                 {product} {ergonomic}
   size_t MaxHeapSize                              = 2107637760                                {product} {ergonomic}
   size_t MaxNewSize                               = 1264582656                                {product} {ergonomic}
   size_t MinHeapDeltaBytes                        = 1048576                                   {product} {ergonomic}
   size_t MinHeapSize                              = 8388608                                   {product} {ergonomic}
    uintx NonNMethodCodeHeapSize                   = 5832704                                {pd product} {ergonomic}
    uintx NonProfiledCodeHeapSize                  = 122945536                              {pd product} {ergonomic}
    uintx ProfiledCodeHeapSize                     = 122880000                              {pd product} {ergonomic}
    uintx ReservedCodeCacheSize                    = 251658240                              {pd product} {ergonomic}
     bool SegmentedCodeCache                       = true                                      {product} {ergonomic}
   size_t SoftMaxHeapSize                          = 2107637760                             {manageable} {ergonomic}
     bool UseCompressedOops                        = true                           {product lp64_product} {ergonomic}
     bool UseG1GC                                  = true                                      {product} {ergonomic}
     bool UseLargePagesIndividualAllocation        = false                                  {pd product} {ergonomic}

Logging:
Log output configuration:
 #0: stdout all=off uptime,level,tags foldmultilines=false
 #1: stderr all=off uptime,level,tags foldmultilines=false

Release file:
IMPLEMENTOR="Oracle Corporation" 
JAVA_RUNTIME_VERSION="25.0.1+8-27" 
JAVA_VERSION="25.0.1" 
JAVA_VERSION_DATE="2025-10-21" 
LIBC="default" 
MODULES="java.base java.compiler java.datatransfer java.xml java.prefs java.desktop java.instrument java.logging java.management java.security.sasl java.naming java.rmi java.management.rmi java.net.http java.scripting java.security.jgss java.transaction.xa java.sql java.sql.rowset java.xml.crypto java.se java.smartcardio jdk.accessibility jdk.internal.jvmstat jdk.attach jdk.charsets jdk.internal.opt jdk.zipfs jdk.compiler jdk.crypto.cryptoki jdk.crypto.ec jdk.crypto.mscapi jdk.dynalink jdk.internal.ed jdk.editpad jdk.internal.vm.ci jdk.graal.compiler jdk.graal.compiler.management jdk.hotspot.agent jdk.httpserver jdk.incubator.vector jdk.internal.le jdk.internal.md jdk.jartool jdk.javadoc jdk.jcmd jdk.management jdk.management.agent jdk.jconsole jdk.jdeps jdk.jdwp.agent jdk.jdi jdk.jfr jdk.jlink jdk.jpackage jdk.jshell jdk.jsobject jdk.jstatd jdk.localedata jdk.management.jfr jdk.naming.dns jdk.naming.rmi jdk.net jdk.nio.mapmode jdk.sctp jdk.security.auth jdk.security.jgss jdk.unsupported jdk.unsupported.desktop jdk.xml.dom" 
OS_ARCH="x86_64" 
OS_NAME="Windows" 
SOURCE=".:git:78770bfaefd2" 

Environment Variables:
PATH=C:\Program Files\Java\jdk-25\bin;C:\Windows\system32;C:\Windows;C:\Windows\System32\Wbem;C:\Windows\System32\WindowsPowerShell\v1.0\;C:\Windows\System32\OpenSSH\;C:\Program Files (x86)\NVIDIA Corporation\PhysX\Common;C:\Program Files\mingw64\bin;C:\Program Files\Common Files\Oracle\Java\javapath;C:\Program Files\PowerShell\7\;C:\Program Files (x86)\WiX Toolset v3.14\bin;C:\Program Files\dotnet\;C:\Windows\system32;C:\Windows;C:\Windows\System32\Wbem;C:\Windows\System32\WindowsPowerShell\v1.0\;C:\Windows\System32\OpenSSH\;C:\Users\21348\AppData\Local\Android\Sdk\tools;C:\Users\21348\AppData\Local\Android\Sdk\platform-tools;C:\Program Files (x86)\Windows Kits\10\Windows Performance Toolkit\;C:\Program Files\Git\cmd;C:\Users\21348\AppData\Local\Microsoft\WindowsApps;C:\Users\21348\AppData\Local\JetBrains\Toolbox\scripts;C:\Users\21348\AppData\Local\GitHubDesktop\bin;C:\Users\21348\AppData\Local\Microsoft\WindowsApps;C:\Users\21348\AppData\Local\PowerToys\DSCModules\;C:\Users\21348\.dotnet\tools
USERNAME=WMP
OS=Windows_NT
PROCESSOR_IDENTIFIER=Intel64 Family 6 Model 58 Stepping 9, GenuineIntel
TMP=C:\Users\21348\AppData\Local\Temp
TEMP=C:\Users\21348\AppData\Local\Temp




Compilation memory statistics disabled.

Periodic native trim disabled

---------------  S Y S T E M  ---------------

OS:
 Windows 11 , 64 bit Build 26100 (10.0.26100.7309)
OS uptime: 0 days 3:53 hours

CPU: total 4 (initial active 4) (2 cores per cpu, 2 threads per core) family 6 model 58 stepping 9 microcode 0x21, cx8, cmov, fxsr, ht, mmx, sse, sse2, sse3, ssse3, sse4.1, sse4.2, popcnt, tsc, tscinvbit, avx, erms, clmul, vzeroupper, clflush, rdtscp, f16c
Processor Information for the first 4 processors :
  Max Mhz: 2500, Current Mhz: 2500, Mhz Limit: 2500

Memory: 4k page, system-wide physical 8039M (1076M free)
TotalPageFile size 16996M (AvailPageFile size 3580M)
current process WorkingSet (physical memory assigned to process): 231M, peak: 245M
current process commit charge ("private bytes"): 318M, peak: 347M

vm_info: OpenJDK 64-Bit Server VM (25.0.1+8-27) for windows-amd64 JRE (25.0.1+8-27), built on 2025-09-25T16:41:16Z with unknown MS VC++:1943

END.
